This is pdfTeX, Version 3.141592653-2.6-1.40.29 (MiKTeX 26.2) (preloaded format=pdflatex 2026.5.6)  31 AUG 2026 18:24
entering extended mode
 restricted \write18 enabled.
 file:line:error style messages enabled.
 %&-line parsing enabled.
**./D1M1_main_GP.tex
(D1M1_main_GP.tex
LaTeX2e <2025-11-01>
L3 programming layer <2026-03-20>
(C:\Users\Owner\AppData\Local\Programs\MiKTeX\tex/latex/base\article.cls
Document Class: article 2025/01/22 v1.4n Standard LaTeX document class
(C:\Users\Owner\AppData\Local\Programs\MiKTeX\tex/latex/base\size10.clo
File: size10.clo 2025/01/22 v1.4n Standard LaTeX file (size option)
)
\c@part=\count275
\c@section=\count276
\c@subsection=\count277
\c@subsubsection=\count278
\c@paragraph=\count279
\c@subparagraph=\count280
\c@figure=\count281
\c@table=\count282
\abovecaptionskip=\skip49
\belowcaptionskip=\skip50
\bibindent=\dimen150
)
(C:\Users\Owner\AppData\Local\Programs\MiKTeX\tex/latex/lm\lmodern.sty
Package: lmodern 2015/05/01 v1.6.1 Latin Modern Fonts
LaTeX Font Info:    Overwriting symbol font `operators' in version `normal'
(Font)                  OT1/cmr/m/n --> OT1/lmr/m/n on input line 22.
LaTeX Font Info:    Overwriting symbol font `letters' in version `normal'
(Font)                  OML/cmm/m/it --> OML/lmm/m/it on input line 23.
LaTeX Font Info:    Overwriting symbol font `symbols' in version `normal'
(Font)                  OMS/cmsy/m/n --> OMS/lmsy/m/n on input line 24.
LaTeX Font Info:    Overwriting symbol font `largesymbols' in version `normal'
(Font)                  OMX/cmex/m/n --> OMX/lmex/m/n on input line 25.
LaTeX Font Info:    Overwriting symbol font `operators' in version `bold'
(Font)                  OT1/cmr/bx/n --> OT1/lmr/bx/n on input line 26.
LaTeX Font Info:    Overwriting symbol font `letters' in version `bold'
(Font)                  OML/cmm/b/it --> OML/lmm/b/it on input line 27.
LaTeX Font Info:    Overwriting symbol font `symbols' in version `bold'
(Font)                  OMS/cmsy/b/n --> OMS/lmsy/b/n on input line 28.
LaTeX Font Info:    Overwriting symbol font `largesymbols' in version `bold'
(Font)                  OMX/cmex/m/n --> OMX/lmex/m/n on input line 29.
LaTeX Font Info:    Overwriting math alphabet `\mathbf' in version `normal'
(Font)                  OT1/cmr/bx/n --> OT1/lmr/bx/n on input line 31.
LaTeX Font Info:    Overwriting math alphabet `\mathsf' in version `normal'
(Font)                  OT1/cmss/m/n --> OT1/lmss/m/n on input line 32.
LaTeX Font Info:    Overwriting math alphabet `\mathit' in version `normal'
(Font)                  OT1/cmr/m/it --> OT1/lmr/m/it on input line 33.
LaTeX Font Info:    Overwriting math alphabet `\mathtt' in version `normal'
(Font)                  OT1/cmtt/m/n --> OT1/lmtt/m/n on input line 34.
LaTeX Font Info:    Overwriting math alphabet `\mathbf' in version `bold'
(Font)                  OT1/cmr/bx/n --> OT1/lmr/bx/n on input line 35.
LaTeX Font Info:    Overwriting math alphabet `\mathsf' in version `bold'
(Font)                  OT1/cmss/bx/n --> OT1/lmss/bx/n on input line 36.
LaTeX Font Info:    Overwriting math alphabet `\mathit' in version `bold'
(Font)                  OT1/cmr/bx/it --> OT1/lmr/bx/it on input line 37.
LaTeX Font Info:    Overwriting math alphabet `\mathtt' in version `bold'
(Font)                  OT1/cmtt/m/n --> OT1/lmtt/m/n on input line 38.
)
(C:\Users\Owner\AppData\Local\Programs\MiKTeX\tex/latex/base\fontenc.sty
Package: fontenc 2025/07/18 v2.1d Standard LaTeX package
LaTeX Font Info:    Trying to load font information for T1+lmr on input line 11
6.

(C:\Users\Owner\AppData\Local\Programs\MiKTeX\tex/latex/lm\t1lmr.fd
File: t1lmr.fd 2015/05/01 v1.6.1 Font defs for Latin Modern
))
(C:\Users\Owner\AppData\Local\Programs\MiKTeX\tex/generic/babel\babel.sty
Package: babel 2026/04/15 v26.6 The multilingual framework for LuaLaTeX, pdfLaT
eX and XeLaTeX
\babel@savecnt=\count283
LaTeX Encoding Info:    Redeclaring text command \ij (encoding OT1) on input li
ne 2078.
LaTeX Encoding Info:    Redeclaring text command \IJ (encoding OT1) on input li
ne 2080.
LaTeX Encoding Info:    Redeclaring text command \ij (encoding T1) on input lin
e 2082.
LaTeX Encoding Info:    Redeclaring text command \IJ (encoding T1) on input lin
e 2083.
LaTeX Encoding Info:    Ignoring declaration for text command \ij (encoding ?) 
on input line 2084.
LaTeX Encoding Info:    Ignoring declaration for text command \IJ (encoding ?) 
on input line 2086.
LaTeX Encoding Info:    Ignoring declaration for text command \SS (encoding ?) 
on input line 2111.
\U@D=\dimen151
\l@unhyphenated=\language79

(C:\Users\Owner\AppData\Local\Programs\MiKTeX\tex/generic/babel\txtbabel.def)
\bbl@readstream=\read2
\bbl@dirlevel=\count284
Package babel Info: Configuration files are deprecated, as
(babel)             they can break document portability.
(babel)             Reported on input line 4206.

*************************************
* Local config file bblopts.cfg used
*
(C:\Users\Owner\AppData\Local\Programs\MiKTeX\tex/latex/arabi\bblopts.cfg
File: bblopts.cfg 2005/09/08 v0.1 add Arabic and Farsi to "declared" options of
 babel
)
(C:\Users\Owner\AppData\Local\Programs\MiKTeX\tex/generic/babel/locale/en\babel
-english.tex)
Package babel Info: Importing font and identification data for english
(babel)             from babel-en.ini. Reported on input line 4330.

(C:\Users\Owner\AppData\Local\Programs\MiKTeX\tex/latex/babel-english\english.l
df
Language: english 2017/06/06 v3.3r English support from the babel system
Package babel Info: Hyphen rules for 'canadian' set to \l@english
(babel)             (\language0). Reported on input line 102.
Package babel Info: Hyphen rules for 'australian' set to \l@ukenglish
(babel)             (\language73). Reported on input line 105.
Package babel Info: Hyphen rules for 'newzealand' set to \l@ukenglish
(babel)             (\language73). Reported on input line 108.
))
(C:\Users\Owner\AppData\Local\Programs\MiKTeX\tex/latex/geometry\geometry.sty
Package: geometry 2026/03/07 v6.0 Page Geometry

(C:\Users\Owner\AppData\Local\Programs\MiKTeX\tex/latex/graphics\keyval.sty
Package: keyval 2022/05/29 v1.15 key=value parser (DPC)
\KV@toks@=\toks17
)
(C:\Users\Owner\AppData\Local\Programs\MiKTeX\tex/generic/iftex\ifvtex.sty
Package: ifvtex 2019/10/25 v1.7 ifvtex legacy package. Use iftex instead.

(C:\Users\Owner\AppData\Local\Programs\MiKTeX\tex/generic/iftex\iftex.sty
Package: iftex 2024/12/12 v1.0g TeX engine tests
))
\Gm@cnth=\count285
\Gm@cntv=\count286
\c@Gm@tempcnt=\count287
\Gm@bindingoffset=\dimen152
\Gm@wd@mp=\dimen153
\Gm@odd@mp=\dimen154
\Gm@even@mp=\dimen155
\Gm@layoutwidth=\dimen156
\Gm@layoutheight=\dimen157
\Gm@layouthoffset=\dimen158
\Gm@layoutvoffset=\dimen159
\Gm@dimlist=\toks18

(C:\Users\Owner\AppData\Local\Programs\MiKTeX\tex/latex/geometry\geometry.cfg))
(C:\Users\Owner\AppData\Local\Programs\MiKTeX\tex/latex/siunitx\siunitx.sty
Package: siunitx 2026-04-15 v3.5.4 A comprehensive (SI) units package
\l__siunitx_number_uncert_offset_int=\count288
\l__siunitx_number_exponent_fixed_int=\count289
\l__siunitx_number_min_decimal_int=\count290
\l__siunitx_number_min_integer_int=\count291
\l__siunitx_number_round_precision_int=\count292
\l__siunitx_number_lower_threshold_int=\count293
\l__siunitx_number_upper_threshold_int=\count294
\l__siunitx_number_group_first_int=\count295
\l__siunitx_number_group_size_int=\count296
\l__siunitx_number_group_min_int=\count297
\l__siunitx_number_group_minimum_int=\count298
\l__siunitx_compound_count_int=\count299

(C:\Users\Owner\AppData\Local\Programs\MiKTeX\tex/latex/translations\translatio
ns.sty
Package: translations 2022/02/05 v1.12 internationalization of LaTeX2e packages
 (CN)

(C:\Users\Owner\AppData\Local\Programs\MiKTeX\tex/latex/etoolbox\etoolbox.sty
Package: etoolbox 2025/10/02 v2.5m e-TeX tools for LaTeX (JAW)
\etb@tempcnta=\count300
)
(C:\Users\Owner\AppData\Local\Programs\MiKTeX\tex/generic/pdftexcmds\pdftexcmds
.sty
Package: pdftexcmds 2020-06-27 v0.33 Utility functions of pdfTeX for LuaTeX (HO
)

(C:\Users\Owner\AppData\Local\Programs\MiKTeX\tex/generic/infwarerr\infwarerr.s
ty
Package: infwarerr 2019/12/03 v1.5 Providing info/warning/error messages (HO)
)
(C:\Users\Owner\AppData\Local\Programs\MiKTeX\tex/generic/ltxcmds\ltxcmds.sty
Package: ltxcmds 2023-12-04 v1.26 LaTeX kernel commands for general use (HO)
)
Package pdftexcmds Info: \pdf@primitive is available.
Package pdftexcmds Info: \pdf@ifprimitive is available.
Package pdftexcmds Info: \pdfdraftmode found.
)) (C:\Users\Owner\AppData\Local\Programs\MiKTeX\tex/latex/amsmath\amstext.sty
Package: amstext 2024/11/17 v2.01 AMS text

(C:\Users\Owner\AppData\Local\Programs\MiKTeX\tex/latex/amsmath\amsgen.sty
File: amsgen.sty 1999/11/30 v2.0 generic functions
\@emptytoks=\toks19
\ex@=\dimen160
))
\l__siunitx_table_tmp_box=\box53
\l__siunitx_table_tmp_dim=\dimen161
\l__siunitx_table_column_width_dim=\dimen162
\l__siunitx_table_integer_box=\box54
\l__siunitx_table_decimal_box=\box55
\l__siunitx_table_uncert_box=\box56
\l__siunitx_table_before_box=\box57
\l__siunitx_table_after_box=\box58
\l__siunitx_table_before_dim=\dimen163
\l__siunitx_table_carry_dim=\dimen164
\l__siunitx_unit_tmp_int=\count301
\l__siunitx_unit_position_int=\count302
\l__siunitx_unit_total_int=\count303
\l__siunitx_sexagesimal_tmp_dim=\dimen165
\l__siunitx_sexagesimal_marker_box=\box59
\l__siunitx_sexagesimal_unit_box=\box60

(C:\Users\Owner\AppData\Local\Programs\MiKTeX\tex/latex/tools\array.sty
Package: array 2025/09/25 v2.6n Tabular extension package (FMi)
\col@sep=\dimen166
\ar@mcellbox=\box61
\extrarowheight=\dimen167
\NC@list=\toks20
\extratabsurround=\skip51
\backup@length=\skip52
\ar@cellbox=\box62
))
(C:\Users\Owner\AppData\Local\Programs\MiKTeX\tex/latex/amsfonts\amssymb.sty
Package: amssymb 2013/01/14 v3.01 AMS font symbols

(C:\Users\Owner\AppData\Local\Programs\MiKTeX\tex/latex/amsfonts\amsfonts.sty
Package: amsfonts 2013/01/14 v3.01 Basic AMSFonts support
\symAMSa=\mathgroup4
\symAMSb=\mathgroup5
LaTeX Font Info:    Redeclaring math symbol \hbar on input line 98.
LaTeX Font Info:    Overwriting math alphabet `\mathfrak' in version `bold'
(Font)                  U/euf/m/n --> U/euf/b/n on input line 106.
)) (C:\Users\Owner\AppData\Local\Programs\MiKTeX\tex/latex/amsmath\amsmath.sty
Package: amsmath 2025/07/09 v2.17z AMS math features
\@mathmargin=\skip53

For additional information on amsmath, use the `?' option.
(C:\Users\Owner\AppData\Local\Programs\MiKTeX\tex/latex/amsmath\amsbsy.sty
Package: amsbsy 1999/11/29 v1.2d Bold Symbols
\pmbraise@=\dimen168
)
(C:\Users\Owner\AppData\Local\Programs\MiKTeX\tex/latex/amsmath\amsopn.sty
Package: amsopn 2022/04/08 v2.04 operator names
)
\inf@bad=\count304
LaTeX Info: Redefining \frac on input line 233.
\uproot@=\count305
\leftroot@=\count306
LaTeX Info: Redefining \overline on input line 398.
LaTeX Info: Redefining \colon on input line 409.
\classnum@=\count307
\DOTSCASE@=\count308
LaTeX Info: Redefining \ldots on input line 495.
LaTeX Info: Redefining \dots on input line 498.
LaTeX Info: Redefining \cdots on input line 619.
\Mathstrutbox@=\box63
\strutbox@=\box64
LaTeX Info: Redefining \big on input line 721.
LaTeX Info: Redefining \Big on input line 722.
LaTeX Info: Redefining \bigg on input line 723.
LaTeX Info: Redefining \Bigg on input line 724.
\big@size=\dimen169
LaTeX Font Info:    Redeclaring font encoding OML on input line 742.
LaTeX Font Info:    Redeclaring font encoding OMS on input line 743.
\macc@depth=\count309
LaTeX Info: Redefining \bmod on input line 904.
LaTeX Info: Redefining \pmod on input line 909.
LaTeX Info: Redefining \smash on input line 939.
LaTeX Info: Redefining \relbar on input line 969.
LaTeX Info: Redefining \Relbar on input line 970.
\c@MaxMatrixCols=\count310
\dotsspace@=\muskip17
\c@parentequation=\count311
\dspbrk@lvl=\count312
\tag@help=\toks21
\row@=\count313
\column@=\count314
\maxfields@=\count315
\andhelp@=\toks22
\eqnshift@=\dimen170
\alignsep@=\dimen171
\tagshift@=\dimen172
\tagwidth@=\dimen173
\totwidth@=\dimen174
\lineht@=\dimen175
\@envbody=\toks23
\multlinegap=\skip54
\multlinetaggap=\skip55
\mathdisplay@stack=\toks24
LaTeX Info: Redefining \[ on input line 2950.
LaTeX Info: Redefining \] on input line 2951.
)
(C:\Users\Owner\AppData\Local\Programs\MiKTeX\tex/latex/graphics\graphicx.sty
Package: graphicx 2024/12/31 v1.2e Enhanced LaTeX Graphics (DPC,SPQR)

(C:\Users\Owner\AppData\Local\Programs\MiKTeX\tex/latex/graphics\graphics.sty
Package: graphics 2024/08/06 v1.4g Standard LaTeX Graphics (DPC,SPQR)

(C:\Users\Owner\AppData\Local\Programs\MiKTeX\tex/latex/graphics\trig.sty
Package: trig 2023/12/02 v1.11 sin cos tan (DPC)
)
(C:\Users\Owner\AppData\Local\Programs\MiKTeX\tex/latex/graphics-cfg\graphics.c
fg
File: graphics.cfg 2016/06/04 v1.11 sample graphics configuration
)
Package graphics Info: Driver file: pdftex.def on input line 106.

(C:\Users\Owner\AppData\Local\Programs\MiKTeX\tex/latex/graphics-def\pdftex.def
File: pdftex.def 2025/09/29 v1.2d Graphics/color driver for pdftex
))
\Gin@req@height=\dimen176
\Gin@req@width=\dimen177
) (C:\Users\Owner\AppData\Local\Programs\MiKTeX\tex/latex/xcolor\xcolor.sty
Package: xcolor 2024/09/29 v3.02 LaTeX color extensions (UK)

(C:\Users\Owner\AppData\Local\Programs\MiKTeX\tex/latex/graphics-cfg\color.cfg
File: color.cfg 2016/01/02 v1.6 sample color configuration
)
Package xcolor Info: Driver file: pdftex.def on input line 274.
(C:\Users\Owner\AppData\Local\Programs\MiKTeX\tex/latex/graphics\mathcolor.ltx)
Package xcolor Info: Model `cmy' substituted by `cmy0' on input line 1349.
Package xcolor Info: Model `hsb' substituted by `rgb' on input line 1353.
Package xcolor Info: Model `RGB' extended on input line 1365.
Package xcolor Info: Model `HTML' substituted by `rgb' on input line 1367.
Package xcolor Info: Model `Hsb' substituted by `hsb' on input line 1368.
Package xcolor Info: Model `tHsb' substituted by `hsb' on input line 1369.
Package xcolor Info: Model `HSB' substituted by `hsb' on input line 1370.
Package xcolor Info: Model `Gray' substituted by `gray' on input line 1371.
Package xcolor Info: Model `wave' substituted by `hsb' on input line 1372.
) (C:\Users\Owner\AppData\Local\Programs\MiKTeX\tex/latex/setspace\setspace.sty
Package: setspace 2022/12/04 v6.7b set line spacing
) (C:\Users\Owner\AppData\Local\Programs\MiKTeX\tex/latex/hyperref\hyperref.sty
Package: hyperref 2026-04-24 v7.01q Hypertext links for LaTeX

(C:\Users\Owner\AppData\Local\Programs\MiKTeX\tex/latex/kvsetkeys\kvsetkeys.sty
Package: kvsetkeys 2022-10-05 v1.19 Key value parser (HO)
)
(C:\Users\Owner\AppData\Local\Programs\MiKTeX\tex/generic/kvdefinekeys\kvdefine
keys.sty
Package: kvdefinekeys 2019-12-19 v1.6 Define keys (HO)
)
(C:\Users\Owner\AppData\Local\Programs\MiKTeX\tex/generic/pdfescape\pdfescape.s
ty
Package: pdfescape 2019/12/09 v1.15 Implements pdfTeX's escape features (HO)
) (C:\Users\Owner\AppData\Local\Programs\MiKTeX\tex/latex/hycolor\hycolor.sty
Package: hycolor 2020-01-27 v1.10 Color options for hyperref/bookmark (HO)
) (C:\Users\Owner\AppData\Local\Programs\MiKTeX\tex/latex/hyperref\nameref.sty
Package: nameref 2026-01-29 v2.58 Cross-referencing by name of section

(C:\Users\Owner\AppData\Local\Programs\MiKTeX\tex/latex/refcount\refcount.sty
Package: refcount 2019/12/15 v3.6 Data extraction from label references (HO)
)
(C:\Users\Owner\AppData\Local\Programs\MiKTeX\tex/generic/gettitlestring\gettit
lestring.sty
Package: gettitlestring 2019/12/15 v1.6 Cleanup title references (HO)

(C:\Users\Owner\AppData\Local\Programs\MiKTeX\tex/latex/kvoptions\kvoptions.sty
Package: kvoptions 2022-06-15 v3.15 Key value format for package options (HO)
))
\c@section@level=\count316
)
(C:\Users\Owner\AppData\Local\Programs\MiKTeX\tex/generic/stringenc\stringenc.s
ty
Package: stringenc 2019/11/29 v1.12 Convert strings between diff. encodings (HO
)
)
\@linkdim=\dimen178
\Hy@linkcounter=\count317
\Hy@pagecounter=\count318
 (C:\Users\Owner\AppData\Local\Programs\MiKTeX\tex/latex/hyperref\pd1enc.def
File: pd1enc.def 2026-04-24 v7.01q Hyperref: PDFDocEncoding definition (HO)
Now handling font encoding PD1 ...
... no UTF-8 mapping file for font encoding PD1
) (C:\Users\Owner\AppData\Local\Programs\MiKTeX\tex/generic/intcalc\intcalc.sty
Package: intcalc 2019/12/15 v1.3 Expandable calculations with integers (HO)
)
\Hy@SavedSpaceFactor=\count319
 (C:\Users\Owner\AppData\Local\Programs\MiKTeX\tex/latex/hyperref\puenc.def
File: puenc.def 2026-04-24 v7.01q Hyperref: PDF Unicode definition (HO)
Now handling font encoding PU ...
... no UTF-8 mapping file for font encoding PU
)
Package hyperref Info: Option `colorlinks' set `true' on input line 4070.
Package hyperref Info: Hyper figures OFF on input line 4199.
Package hyperref Info: Link nesting OFF on input line 4204.
Package hyperref Info: Hyper index ON on input line 4207.
Package hyperref Info: Plain pages OFF on input line 4214.
Package hyperref Info: Backreferencing OFF on input line 4219.
Package hyperref Info: Implicit mode ON; LaTeX internals redefined.
Package hyperref Info: Bookmarks ON on input line 4466.
\c@Hy@tempcnt=\count320

(C:\Users\Owner\AppData\Local\Programs\MiKTeX\tex/latex/url\url.sty
\Urlmuskip=\muskip18
Package: url 2013/09/16  ver 3.4  Verb mode for urls, etc.
)
LaTeX Info: Redefining \url on input line 4805.
\XeTeXLinkMargin=\dimen179

(C:\Users\Owner\AppData\Local\Programs\MiKTeX\tex/generic/bitset\bitset.sty
Package: bitset 2019/12/09 v1.3 Handle bit-vector datatype (HO)

(C:\Users\Owner\AppData\Local\Programs\MiKTeX\tex/generic/bigintcalc\bigintcalc
.sty
Package: bigintcalc 2019/12/15 v1.5 Expandable calculations on big integers (HO
)
))
\Fld@menulength=\count321
\Field@Width=\dimen180
\Fld@charsize=\dimen181
Package hyperref Info: Hyper figures OFF on input line 6091.
Package hyperref Info: Link nesting OFF on input line 6096.
Package hyperref Info: Hyper index ON on input line 6099.
Package hyperref Info: backreferencing OFF on input line 6106.
Package hyperref Info: Link coloring ON on input line 6109.
Package hyperref Info: Link coloring with OCG OFF on input line 6116.
Package hyperref Info: PDF/A mode OFF on input line 6121.
\Hy@abspage=\count322
\c@Item=\count323
\c@Hfootnote=\count324
)
Package hyperref Info: Driver (autodetected): hpdftex.

(C:\Users\Owner\AppData\Local\Programs\MiKTeX\tex/latex/hyperref\hpdftex.def
File: hpdftex.def 2026-04-24 v7.01q Hyperref driver for pdfTeX
\Fld@listcount=\count325
\c@bookmark@seq@number=\count326

(C:\Users\Owner\AppData\Local\Programs\MiKTeX\tex/latex/rerunfilecheck\rerunfil
echeck.sty
Package: rerunfilecheck 2025-06-21 v1.11 Rerun checks for auxiliary files (HO)

(C:\Users\Owner\AppData\Local\Programs\MiKTeX\tex/generic/uniquecounter\uniquec
ounter.sty
Package: uniquecounter 2019/12/15 v1.4 Provide unlimited unique counter (HO)
)
Package uniquecounter Info: New unique counter `rerunfilecheck' on input line 2
84.
)
\Hy@SectionHShift=\skip56
)
(C:\Users\Owner\AppData\Local\Programs\MiKTeX\tex/latex/pgf/frontendlayer\tikz.
sty
(C:\Users\Owner\AppData\Local\Programs\MiKTeX\tex/latex/pgf/basiclayer\pgf.sty
(C:\Users\Owner\AppData\Local\Programs\MiKTeX\tex/latex/pgf/utilities\pgfrcs.st
y
(C:\Users\Owner\AppData\Local\Programs\MiKTeX\tex/generic/pgf/utilities\pgfutil
-common.tex
\pgfutil@everybye=\toks25
\pgfutil@tempdima=\dimen182
\pgfutil@tempdimb=\dimen183
)
(C:\Users\Owner\AppData\Local\Programs\MiKTeX\tex/generic/pgf/utilities\pgfutil
-latex.def
\pgfutil@abb=\box65
)
(C:\Users\Owner\AppData\Local\Programs\MiKTeX\tex/generic/pgf/utilities\pgfrcs.
code.tex
(C:\Users\Owner\AppData\Local\Programs\MiKTeX\tex/generic/pgf\pgf.revision.tex)
Package: pgfrcs 2025-08-29 v3.1.11a (3.1.11a)
))
Package: pgf 2025-08-29 v3.1.11a (3.1.11a)

(C:\Users\Owner\AppData\Local\Programs\MiKTeX\tex/latex/pgf/basiclayer\pgfcore.
sty
(C:\Users\Owner\AppData\Local\Programs\MiKTeX\tex/latex/pgf/systemlayer\pgfsys.
sty
(C:\Users\Owner\AppData\Local\Programs\MiKTeX\tex/generic/pgf/systemlayer\pgfsy
s.code.tex
Package: pgfsys 2025-08-29 v3.1.11a (3.1.11a)

(C:\Users\Owner\AppData\Local\Programs\MiKTeX\tex/generic/pgf/utilities\pgfkeys
.code.tex
\pgfkeys@pathtoks=\toks26
\pgfkeys@temptoks=\toks27

(C:\Users\Owner\AppData\Local\Programs\MiKTeX\tex/generic/pgf/utilities\pgfkeys
libraryfiltered.code.tex
\pgfkeys@tmptoks=\toks28
))
\pgf@x=\dimen184
\pgf@y=\dimen185
\pgf@xa=\dimen186
\pgf@ya=\dimen187
\pgf@xb=\dimen188
\pgf@yb=\dimen189
\pgf@xc=\dimen190
\pgf@yc=\dimen191
\pgf@xd=\dimen192
\pgf@yd=\dimen193
\w@pgf@writea=\write3
\r@pgf@reada=\read3
\c@pgf@counta=\count327
\c@pgf@countb=\count328
\c@pgf@countc=\count329
\c@pgf@countd=\count330
\t@pgf@toka=\toks29
\t@pgf@tokb=\toks30
\t@pgf@tokc=\toks31
\pgf@sys@id@count=\count331

(C:\Users\Owner\AppData\Local\Programs\MiKTeX\tex/generic/pgf/systemlayer\pgf.c
fg
File: pgf.cfg 2025-08-29 v3.1.11a (3.1.11a)
)
Driver file for pgf: pgfsys-pdftex.def

(C:\Users\Owner\AppData\Local\Programs\MiKTeX\tex/generic/pgf/systemlayer\pgfsy
s-pdftex.def
File: pgfsys-pdftex.def 2025-08-29 v3.1.11a (3.1.11a)

(C:\Users\Owner\AppData\Local\Programs\MiKTeX\tex/generic/pgf/systemlayer\pgfsy
s-common-pdf.def
File: pgfsys-common-pdf.def 2025-08-29 v3.1.11a (3.1.11a)
)))
(C:\Users\Owner\AppData\Local\Programs\MiKTeX\tex/generic/pgf/systemlayer\pgfsy
ssoftpath.code.tex
File: pgfsyssoftpath.code.tex 2025-08-29 v3.1.11a (3.1.11a)
\pgfsyssoftpath@smallbuffer@items=\count332
\pgfsyssoftpath@bigbuffer@items=\count333
)
(C:\Users\Owner\AppData\Local\Programs\MiKTeX\tex/generic/pgf/systemlayer\pgfsy
sprotocol.code.tex
File: pgfsysprotocol.code.tex 2025-08-29 v3.1.11a (3.1.11a)
))
(C:\Users\Owner\AppData\Local\Programs\MiKTeX\tex/generic/pgf/basiclayer\pgfcor
e.code.tex
Package: pgfcore 2025-08-29 v3.1.11a (3.1.11a)

(C:\Users\Owner\AppData\Local\Programs\MiKTeX\tex/generic/pgf/math\pgfmath.code
.tex
(C:\Users\Owner\AppData\Local\Programs\MiKTeX\tex/generic/pgf/math\pgfmathutil.
code.tex)
(C:\Users\Owner\AppData\Local\Programs\MiKTeX\tex/generic/pgf/math\pgfmathparse
r.code.tex
\pgfmath@dimen=\dimen194
\pgfmath@count=\count334
\pgfmath@box=\box66
\pgfmath@toks=\toks32
\pgfmath@stack@operand=\toks33
\pgfmath@stack@operation=\toks34
)
(C:\Users\Owner\AppData\Local\Programs\MiKTeX\tex/generic/pgf/math\pgfmathfunct
ions.code.tex)
(C:\Users\Owner\AppData\Local\Programs\MiKTeX\tex/generic/pgf/math\pgfmathfunct
ions.basic.code.tex)
(C:\Users\Owner\AppData\Local\Programs\MiKTeX\tex/generic/pgf/math\pgfmathfunct
ions.trigonometric.code.tex)
(C:\Users\Owner\AppData\Local\Programs\MiKTeX\tex/generic/pgf/math\pgfmathfunct
ions.random.code.tex)
(C:\Users\Owner\AppData\Local\Programs\MiKTeX\tex/generic/pgf/math\pgfmathfunct
ions.comparison.code.tex)
(C:\Users\Owner\AppData\Local\Programs\MiKTeX\tex/generic/pgf/math\pgfmathfunct
ions.base.code.tex)
(C:\Users\Owner\AppData\Local\Programs\MiKTeX\tex/generic/pgf/math\pgfmathfunct
ions.round.code.tex)
(C:\Users\Owner\AppData\Local\Programs\MiKTeX\tex/generic/pgf/math\pgfmathfunct
ions.misc.code.tex)
(C:\Users\Owner\AppData\Local\Programs\MiKTeX\tex/generic/pgf/math\pgfmathfunct
ions.integerarithmetics.code.tex)
(C:\Users\Owner\AppData\Local\Programs\MiKTeX\tex/generic/pgf/math\pgfmathcalc.
code.tex)
(C:\Users\Owner\AppData\Local\Programs\MiKTeX\tex/generic/pgf/math\pgfmathfloat
.code.tex
\c@pgfmathroundto@lastzeros=\count335
))
(C:\Users\Owner\AppData\Local\Programs\MiKTeX\tex/generic/pgf/math\pgfint.code.
tex)
(C:\Users\Owner\AppData\Local\Programs\MiKTeX\tex/generic/pgf/basiclayer\pgfcor
epoints.code.tex
File: pgfcorepoints.code.tex 2025-08-29 v3.1.11a (3.1.11a)
\pgf@picminx=\dimen195
\pgf@picmaxx=\dimen196
\pgf@picminy=\dimen197
\pgf@picmaxy=\dimen198
\pgf@pathminx=\dimen199
\pgf@pathmaxx=\dimen256
\pgf@pathminy=\dimen257
\pgf@pathmaxy=\dimen258
\pgf@xx=\dimen259
\pgf@xy=\dimen260
\pgf@yx=\dimen261
\pgf@yy=\dimen262
\pgf@zx=\dimen263
\pgf@zy=\dimen264
)
(C:\Users\Owner\AppData\Local\Programs\MiKTeX\tex/generic/pgf/basiclayer\pgfcor
epathconstruct.code.tex
File: pgfcorepathconstruct.code.tex 2025-08-29 v3.1.11a (3.1.11a)
\pgf@path@lastx=\dimen265
\pgf@path@lasty=\dimen266
)
(C:\Users\Owner\AppData\Local\Programs\MiKTeX\tex/generic/pgf/basiclayer\pgfcor
epathusage.code.tex
File: pgfcorepathusage.code.tex 2025-08-29 v3.1.11a (3.1.11a)
\pgf@shorten@end@additional=\dimen267
\pgf@shorten@start@additional=\dimen268
)
(C:\Users\Owner\AppData\Local\Programs\MiKTeX\tex/generic/pgf/basiclayer\pgfcor
escopes.code.tex
File: pgfcorescopes.code.tex 2025-08-29 v3.1.11a (3.1.11a)
\pgfpic=\box67
\pgf@hbox=\box68
\pgf@layerbox@main=\box69
\pgf@picture@serial@count=\count336
)
(C:\Users\Owner\AppData\Local\Programs\MiKTeX\tex/generic/pgf/basiclayer\pgfcor
egraphicstate.code.tex
File: pgfcoregraphicstate.code.tex 2025-08-29 v3.1.11a (3.1.11a)
\pgflinewidth=\dimen269
)
(C:\Users\Owner\AppData\Local\Programs\MiKTeX\tex/generic/pgf/basiclayer\pgfcor
etransformations.code.tex
File: pgfcoretransformations.code.tex 2025-08-29 v3.1.11a (3.1.11a)
\pgf@pt@x=\dimen270
\pgf@pt@y=\dimen271
\pgf@pt@temp=\dimen272
)
(C:\Users\Owner\AppData\Local\Programs\MiKTeX\tex/generic/pgf/basiclayer\pgfcor
equick.code.tex
File: pgfcorequick.code.tex 2025-08-29 v3.1.11a (3.1.11a)
)
(C:\Users\Owner\AppData\Local\Programs\MiKTeX\tex/generic/pgf/basiclayer\pgfcor
eobjects.code.tex
File: pgfcoreobjects.code.tex 2025-08-29 v3.1.11a (3.1.11a)
)
(C:\Users\Owner\AppData\Local\Programs\MiKTeX\tex/generic/pgf/basiclayer\pgfcor
epathprocessing.code.tex
File: pgfcorepathprocessing.code.tex 2025-08-29 v3.1.11a (3.1.11a)
)
(C:\Users\Owner\AppData\Local\Programs\MiKTeX\tex/generic/pgf/basiclayer\pgfcor
earrows.code.tex
File: pgfcorearrows.code.tex 2025-08-29 v3.1.11a (3.1.11a)
\pgfarrowsep=\dimen273
)
(C:\Users\Owner\AppData\Local\Programs\MiKTeX\tex/generic/pgf/basiclayer\pgfcor
eshade.code.tex
File: pgfcoreshade.code.tex 2025-08-29 v3.1.11a (3.1.11a)
\pgf@max=\dimen274
\pgf@sys@shading@range@num=\count337
\pgf@shadingcount=\count338
)
(C:\Users\Owner\AppData\Local\Programs\MiKTeX\tex/generic/pgf/basiclayer\pgfcor
eimage.code.tex
File: pgfcoreimage.code.tex 2025-08-29 v3.1.11a (3.1.11a)
)
(C:\Users\Owner\AppData\Local\Programs\MiKTeX\tex/generic/pgf/basiclayer\pgfcor
eexternal.code.tex
File: pgfcoreexternal.code.tex 2025-08-29 v3.1.11a (3.1.11a)
\pgfexternal@startupbox=\box70
)
(C:\Users\Owner\AppData\Local\Programs\MiKTeX\tex/generic/pgf/basiclayer\pgfcor
elayers.code.tex
File: pgfcorelayers.code.tex 2025-08-29 v3.1.11a (3.1.11a)
)
(C:\Users\Owner\AppData\Local\Programs\MiKTeX\tex/generic/pgf/basiclayer\pgfcor
etransparency.code.tex
File: pgfcoretransparency.code.tex 2025-08-29 v3.1.11a (3.1.11a)
)
(C:\Users\Owner\AppData\Local\Programs\MiKTeX\tex/generic/pgf/basiclayer\pgfcor
epatterns.code.tex
File: pgfcorepatterns.code.tex 2025-08-29 v3.1.11a (3.1.11a)
)
(C:\Users\Owner\AppData\Local\Programs\MiKTeX\tex/generic/pgf/basiclayer\pgfcor
erdf.code.tex
File: pgfcorerdf.code.tex 2025-08-29 v3.1.11a (3.1.11a)
)))
(C:\Users\Owner\AppData\Local\Programs\MiKTeX\tex/generic/pgf/modules\pgfmodule
shapes.code.tex
File: pgfmoduleshapes.code.tex 2025-08-29 v3.1.11a (3.1.11a)
\pgfnodeparttextbox=\box71
)
(C:\Users\Owner\AppData\Local\Programs\MiKTeX\tex/generic/pgf/modules\pgfmodule
plot.code.tex
File: pgfmoduleplot.code.tex 2025-08-29 v3.1.11a (3.1.11a)
)
(C:\Users\Owner\AppData\Local\Programs\MiKTeX\tex/latex/pgf/compatibility\pgfco
mp-version-0-65.sty
Package: pgfcomp-version-0-65 2025-08-29 v3.1.11a (3.1.11a)
\pgf@nodesepstart=\dimen275
\pgf@nodesepend=\dimen276
)
(C:\Users\Owner\AppData\Local\Programs\MiKTeX\tex/latex/pgf/compatibility\pgfco
mp-version-1-18.sty
Package: pgfcomp-version-1-18 2025-08-29 v3.1.11a (3.1.11a)
))
(C:\Users\Owner\AppData\Local\Programs\MiKTeX\tex/latex/pgf/utilities\pgffor.st
y
(C:\Users\Owner\AppData\Local\Programs\MiKTeX\tex/latex/pgf/utilities\pgfkeys.s
ty
(C:\Users\Owner\AppData\Local\Programs\MiKTeX\tex/generic/pgf/utilities\pgfkeys
.code.tex))
(C:\Users\Owner\AppData\Local\Programs\MiKTeX\tex/latex/pgf/math\pgfmath.sty
(C:\Users\Owner\AppData\Local\Programs\MiKTeX\tex/generic/pgf/math\pgfmath.code
.tex))
(C:\Users\Owner\AppData\Local\Programs\MiKTeX\tex/generic/pgf/utilities\pgffor.
code.tex
Package: pgffor 2025-08-29 v3.1.11a (3.1.11a)
\pgffor@iter=\dimen277
\pgffor@skip=\dimen278
\pgffor@stack=\toks35
\pgffor@toks=\toks36
))
(C:\Users\Owner\AppData\Local\Programs\MiKTeX\tex/generic/pgf/frontendlayer/tik
z\tikz.code.tex
Package: tikz 2025-08-29 v3.1.11a (3.1.11a)

(C:\Users\Owner\AppData\Local\Programs\MiKTeX\tex/generic/pgf/libraries\pgflibr
aryplothandlers.code.tex
File: pgflibraryplothandlers.code.tex 2025-08-29 v3.1.11a (3.1.11a)
\pgf@plot@mark@count=\count339
\pgfplotmarksize=\dimen279
)
\tikz@lastx=\dimen280
\tikz@lasty=\dimen281
\tikz@lastxsaved=\dimen282
\tikz@lastysaved=\dimen283
\tikz@lastmovetox=\dimen284
\tikz@lastmovetoy=\dimen285
\tikzleveldistance=\dimen286
\tikzsiblingdistance=\dimen287
\tikz@figbox=\box72
\tikz@figbox@bg=\box73
\tikz@tempbox=\box74
\tikz@tempbox@bg=\box75
\tikztreelevel=\count340
\tikznumberofchildren=\count341
\tikznumberofcurrentchild=\count342
\tikz@fig@count=\count343

(C:\Users\Owner\AppData\Local\Programs\MiKTeX\tex/generic/pgf/modules\pgfmodule
matrix.code.tex
File: pgfmodulematrix.code.tex 2025-08-29 v3.1.11a (3.1.11a)
\pgfmatrixcurrentrow=\count344
\pgfmatrixcurrentcolumn=\count345
\pgf@matrix@numberofcolumns=\count346
)
\tikz@expandcount=\count347

(C:\Users\Owner\AppData\Local\Programs\MiKTeX\tex/generic/pgf/frontendlayer/tik
z/libraries\tikzlibrarytopaths.code.tex
File: tikzlibrarytopaths.code.tex 2025-08-29 v3.1.11a (3.1.11a)
)))
(C:\Users\Owner\AppData\Local\Programs\MiKTeX\tex/generic/pgf/frontendlayer/tik
z/libraries\tikzlibrarycalc.code.tex
File: tikzlibrarycalc.code.tex 2025-08-29 v3.1.11a (3.1.11a)
)
(C:\Users\Owner\AppData\Local\Programs\MiKTeX\tex/generic/pgf/frontendlayer/tik
z/libraries\tikzlibrarypositioning.code.tex
File: tikzlibrarypositioning.code.tex 2025-08-29 v3.1.11a (3.1.11a)
)
(C:\Users\Owner\AppData\Local\Programs\MiKTeX\tex/generic/pgf/frontendlayer/tik
z/libraries\tikzlibraryshapes.geometric.code.tex
File: tikzlibraryshapes.geometric.code.tex 2025-08-29 v3.1.11a (3.1.11a)

(C:\Users\Owner\AppData\Local\Programs\MiKTeX\tex/generic/pgf/libraries/shapes\
pgflibraryshapes.geometric.code.tex
File: pgflibraryshapes.geometric.code.tex 2025-08-29 v3.1.11a (3.1.11a)
))
(C:\Users\Owner\AppData\Local\Programs\MiKTeX\tex/generic/pgf/libraries\pgflibr
aryarrows.meta.code.tex
File: pgflibraryarrows.meta.code.tex 2025-08-29 v3.1.11a (3.1.11a)
\pgfarrowinset=\dimen288
\pgfarrowlength=\dimen289
\pgfarrowwidth=\dimen290
\pgfarrowlinewidth=\dimen291
)
(C:\Users\Owner\AppData\Local\Programs\MiKTeX\tex/generic/pgf/frontendlayer/tik
z/libraries\tikzlibraryfit.code.tex
File: tikzlibraryfit.code.tex 2025-08-29 v3.1.11a (3.1.11a)
)
(C:\Users\Owner\AppData\Local\Programs\MiKTeX\tex/latex/tools\bm.sty
Package: bm 2025/10/21 v1.2g Bold Symbol Support (DPC/FMi)
\symboldoperators=\mathgroup6
\symboldletters=\mathgroup7
\symboldsymbols=\mathgroup8
Package bm Info: No bold for \OMX/lmex/m/n, using \pmb.
Package bm Info: No bold for \U/msa/m/n, using \pmb.
Package bm Info: No bold for \U/msb/m/n, using \pmb.
LaTeX Font Info:    Redeclaring math alphabet \mathbf on input line 149.
)
(C:\Users\Owner\AppData\Local\Programs\MiKTeX\tex/latex/units\nicefrac.sty
Package: nicefrac 1998/08/04 v0.9b Nice fractions
\L@UnitsRaiseDisplaystyle=\skip57
\L@UnitsRaiseTextstyle=\skip58
\L@UnitsRaiseScriptstyle=\skip59

(C:\Users\Owner\AppData\Local\Programs\MiKTeX\tex/latex/base\ifthen.sty
Package: ifthen 2024/03/16 v1.1e Standard LaTeX ifthen package (DPC)
))
(C:\Users\Owner\AppData\Local\Programs\MiKTeX\tex/latex/natbib\natbib.sty
Package: natbib 2010/09/13 8.31b (PWD, AO)
\bibhang=\skip60
\bibsep=\skip61
LaTeX Info: Redefining \cite on input line 694.
\c@NAT@ctr=\count348
)
(C:\Users\Owner\AppData\Local\Programs\MiKTeX\tex/latex/adjustbox\adjustbox.sty
Package: adjustbox 2025/02/26 v1.3c Adjusting TeX boxes (trim, clip, ...)
(C:\Users\Owner\AppData\Local\Programs\MiKTeX\tex/latex/xkeyval\xkeyval.sty
Package: xkeyval 2022/06/16 v2.9 package option processing (HA)

(C:\Users\Owner\AppData\Local\Programs\MiKTeX\tex/generic/xkeyval\xkeyval.tex
(C:\Users\Owner\AppData\Local\Programs\MiKTeX\tex/generic/xkeyval\xkvutils.tex
\XKV@toks=\toks37
\XKV@tempa@toks=\toks38
)
\XKV@depth=\count349
File: xkeyval.tex 2014/12/03 v2.7a key=value parser (HA)
))
(C:\Users\Owner\AppData\Local\Programs\MiKTeX\tex/latex/adjustbox\adjcalc.sty
Package: adjcalc 2012/05/16 v1.1 Provides advanced setlength with multiple back
-ends (calc, etex, pgfmath)
)
(C:\Users\Owner\AppData\Local\Programs\MiKTeX\tex/latex/adjustbox\trimclip.sty
Package: trimclip 2025/02/21 v1.2a Trim and clip general TeX material

(C:\Users\Owner\AppData\Local\Programs\MiKTeX\tex/latex/collectbox\collectbox.s
ty
Package: collectbox 2022/10/17 v0.4c Collect macro arguments as boxes
\collectedbox=\box76
)
\tc@llx=\dimen292
\tc@lly=\dimen293
\tc@urx=\dimen294
\tc@ury=\dimen295
Package trimclip Info: Using driver 'tc-pdftex.def'.

(C:\Users\Owner\AppData\Local\Programs\MiKTeX\tex/latex/adjustbox\tc-pdftex.def
File: tc-pdftex.def 2025/02/26 v2.3 Clipping driver for pdftex
))
\adjbox@Width=\dimen296
\adjbox@Height=\dimen297
\adjbox@Depth=\dimen298
\adjbox@Totalheight=\dimen299
\adjbox@pwidth=\dimen300
\adjbox@pheight=\dimen301
\adjbox@pdepth=\dimen302
\adjbox@ptotalheight=\dimen303

(C:\Users\Owner\AppData\Local\Programs\MiKTeX\tex/latex/ifoddpage\ifoddpage.sty
Package: ifoddpage 2022/10/18 v1.2 Conditionals for odd/even page detection
\c@checkoddpage=\count350
) (C:\Users\Owner\AppData\Local\Programs\MiKTeX\tex/latex/varwidth\varwidth.sty
Package: varwidth 2009/03/30 ver 0.92;  Variable-width minipages
\@vwid@box=\box77
\sift@deathcycles=\count351
\@vwid@loff=\dimen304
\@vwid@roff=\dimen305
)
==> First Aid for varwidth.sty applied!
)
(C:\Users\Owner\AppData\Local\Programs\MiKTeX\tex/latex/tcolorbox\tcolorbox.sty
Package: tcolorbox 2025/11/28 version 6.9.0 text color boxes
(C:\Users\Owner\AppData\Local\Programs\MiKTeX\tex/latex/tools\verbatim.sty
Package: verbatim 2024-01-22 v1.5x LaTeX2e package for verbatim enhancements
\every@verbatim=\toks39
\verbatim@line=\toks40
\verbatim@in@stream=\read4
)
(C:\Users\Owner\AppData\Local\Programs\MiKTeX\tex/latex/environ\environ.sty
Package: environ 2014/05/04 v0.3 A new way to define environments

(C:\Users\Owner\AppData\Local\Programs\MiKTeX\tex/latex/trimspaces\trimspaces.s
ty
Package: trimspaces 2009/09/17 v1.1 Trim spaces around a token list
))
\tcb@titlebox=\box78
\tcb@upperbox=\box79
\tcb@lowerbox=\box80
\tcb@phantombox=\box81
\c@tcbbreakpart=\count352
\c@tcblayer=\count353
\c@tcolorbox@number=\count354
\l__tcobox_tmpa_box=\box82
\l__tcobox_tmpa_dim=\dimen306
\tcb@temp=\box83
\tcb@temp=\box84
\tcb@temp=\box85
\tcb@temp=\box86

(C:\Users\Owner\AppData\Local\Programs\MiKTeX\tex/latex/tcolorbox\tcbraster.cod
e.tex
Library (tcolorbox): 'tcbraster.code.tex' version '6.9.0'
\c@tcbrastercolumn=\count355
\c@tcbrasterrow=\count356
\c@tcbrasternum=\count357
\c@tcbraster=\count358
)
(C:\Users\Owner\AppData\Local\Programs\MiKTeX\tex/latex/tcolorbox\tcbskins.code
.tex
Library (tcolorbox): 'tcbskins.code.tex' version '6.9.0'

(C:\Users\Owner\AppData\Local\Programs\MiKTeX\tex/latex/tikzfill\tikzfill.image
.sty
Package: tikzfill.image 2026/04/23 v1.2.0 Image filling library for TikZ

(C:\Users\Owner\AppData\Local\Programs\MiKTeX\tex/latex/tikzfill\tikzlibraryfil
l.image.code.tex
File: tikzlibraryfill.image.code.tex 2026/04/23 v1.2.0 Image filling library
\l__tikzfill_tmpa_dim=\dimen307
\l__tikzfill_tmpb_dim=\dimen308
\l__tikzfill_img_box=\box87
))
(C:\Users\Owner\AppData\Local\Programs\MiKTeX\tex/latex/tcolorbox\tcbskinsjigsa
w.code.tex
Library (tcolorbox): 'tcbskinsjigsaw.code.tex' version '6.9.0'
))
(C:\Users\Owner\AppData\Local\Programs\MiKTeX\tex/latex/tcolorbox\tcbbreakable.
code.tex
Library (tcolorbox): 'tcbbreakable.code.tex' version '6.9.0'
(C:\Users\Owner\AppData\Local\Programs\MiKTeX\tex/latex/pdfcol\pdfcol.sty
Package: pdfcol 2022-09-21 v1.7 Handle new color stacks for pdfTeX (HO)
)
Package pdfcol Info: New color stack `tcb@breakable' = 1 on input line 23.
\tcb@testbox=\box88
\tcb@totalupperbox=\box89
\tcb@totallowerbox=\box90
)
(C:\Users\Owner\AppData\Local\Programs\MiKTeX\tex/latex/tcolorbox\tcbhooks.code
.tex
Library (tcolorbox): 'tcbhooks.code.tex' version '6.9.0'
)
(C:\Users\Owner\AppData\Local\Programs\MiKTeX\tex/latex/tcolorbox\tcbtheorems.c
ode.tex
Library (tcolorbox): 'tcbtheorems.code.tex' version '6.9.0'
)
(C:\Users\Owner\AppData\Local\Programs\MiKTeX\tex/latex/tcolorbox\tcbfitting.co
de.tex
Library (tcolorbox): 'tcbfitting.code.tex' version '6.9.0'
\tcbfitdim=\dimen309
\tcb@lowerfitdim=\dimen310
\tcb@upperfitdim=\dimen311
\tcb@cur@hbadness=\count359
)
(C:\Users\Owner\AppData\Local\Programs\MiKTeX\tex/latex/tcolorbox\tcblistingsut
f8.code.tex
Library (tcolorbox): 'tcblistingsutf8.code.tex' version '6.9.0'

(C:\Users\Owner\AppData\Local\Programs\MiKTeX\tex/latex/tcolorbox\tcblistings.c
ode.tex
Library (tcolorbox): 'tcblistings.code.tex' version '6.9.0'
(C:\Users\Owner\AppData\Local\Programs\MiKTeX\tex/latex/listings\listings.sty
\lst@mode=\count360
\lst@gtempboxa=\box91
\lst@token=\toks41
\lst@length=\count361
\lst@currlwidth=\dimen312
\lst@column=\count362
\lst@pos=\count363
\lst@lostspace=\dimen313
\lst@width=\dimen314
\lst@newlines=\count364
\lst@lineno=\count365
\lst@maxwidth=\dimen315

(C:\Users\Owner\AppData\Local\Programs\MiKTeX\tex/latex/listings\lstpatch.sty
File: lstpatch.sty 2025/11/14 1.11b (Carsten Heinz)
)
(C:\Users\Owner\AppData\Local\Programs\MiKTeX\tex/latex/listings\lstmisc.sty
File: lstmisc.sty 2025/11/14 1.11b (Carsten Heinz)
\c@lstnumber=\count366
\lst@skipnumbers=\count367
\lst@framebox=\box92
)
(C:\Users\Owner\AppData\Local\Programs\MiKTeX\tex/latex/listings\listings.cfg
File: listings.cfg 2025/11/14 1.11b listings configuration
))
Package: listings 2025/11/14 1.11b (Carsten Heinz)
==> First Aid for listings.sty no longer applied!
    Expected:
        2024/09/23 1.10c (Carsten Heinz)
    but found:
        2025/11/14 1.11b (Carsten Heinz)
    so I'm assuming it got fixed.

(C:\Users\Owner\AppData\Local\Programs\MiKTeX\tex/latex/tcolorbox\tcblistingsco
re.code.tex
Library (tcolorbox): 'tcblistingscore.code.tex' version '6.9.0'

(C:\Users\Owner\AppData\Local\Programs\MiKTeX\tex/latex/tcolorbox\tcbprocessing
.code.tex
Library (tcolorbox): 'tcbprocessing.code.tex' version '6.9.0'
)
\c@tcblisting=\count368
))
(C:\Users\Owner\AppData\Local\Programs\MiKTeX\tex/latex/listingsutf8\listingsut
f8.sty
Package: listingsutf8 2019-12-10 v1.5 Allow UTF-8 in listings input (HO)
))
(C:\Users\Owner\AppData\Local\Programs\MiKTeX\tex/latex/tcolorbox\tcbexternal.c
ode.tex
Library (tcolorbox): 'tcbexternal.code.tex' version '6.9.0'
)
(C:\Users\Owner\AppData\Local\Programs\MiKTeX\tex/latex/tcolorbox\tcbmagazine.c
ode.tex
Library (tcolorbox): 'tcbmagazine.code.tex' version '6.9.0'
)
(C:\Users\Owner\AppData\Local\Programs\MiKTeX\tex/latex/tcolorbox\tcbvignette.c
ode.tex
Library (tcolorbox): 'tcbvignette.code.tex' version '6.9.0'

(C:\Users\Owner\AppData\Local\Programs\MiKTeX\tex/generic/pgf/frontendlayer/tik
z/libraries\tikzlibraryfadings.code.tex
File: tikzlibraryfadings.code.tex 2025-08-29 v3.1.11a (3.1.11a)

(C:\Users\Owner\AppData\Local\Programs\MiKTeX\tex/generic/pgf/libraries\pgflibr
aryfadings.code.tex
File: pgflibraryfadings.code.tex 2025-08-29 v3.1.11a (3.1.11a)
)))
(C:\Users\Owner\AppData\Local\Programs\MiKTeX\tex/latex/tcolorbox\tcbposter.cod
e.tex
Library (tcolorbox): 'tcbposter.code.tex' version '6.9.0'
))
(C:\Users\Owner\AppData\Local\Programs\MiKTeX\tex/latex/booktabs\booktabs.sty
Package: booktabs 2020/01/12 v1.61803398 Publication quality tables
\heavyrulewidth=\dimen316
\lightrulewidth=\dimen317
\cmidrulewidth=\dimen318
\belowrulesep=\dimen319
\belowbottomsep=\dimen320
\aboverulesep=\dimen321
\abovetopsep=\dimen322
\cmidrulesep=\dimen323
\cmidrulekern=\dimen324
\defaultaddspace=\dimen325
\@cmidla=\count369
\@cmidlb=\count370
\@aboverulesep=\dimen326
\@belowrulesep=\dimen327
\@thisruleclass=\count371
\@lastruleclass=\count372
\@thisrulewidth=\dimen328
)
(C:\Users\Owner\AppData\Local\Programs\MiKTeX\tex/latex/l3backend\l3backend-pdf
tex.def
File: l3backend-pdftex.def 2026-02-18 L3 backend support: PDF output (pdfTeX)
\l__color_backend_stack_int=\count373
) (D1M1_main_GP.aux)
\openout1 = `D1M1_main_GP.aux'.

LaTeX Font Info:    Checking defaults for OML/cmm/m/it on input line 51.
LaTeX Font Info:    ... okay on input line 51.
LaTeX Font Info:    Checking defaults for OMS/cmsy/m/n on input line 51.
LaTeX Font Info:    ... okay on input line 51.
LaTeX Font Info:    Checking defaults for OT1/cmr/m/n on input line 51.
LaTeX Font Info:    ... okay on input line 51.
LaTeX Font Info:    Checking defaults for T1/cmr/m/n on input line 51.
LaTeX Font Info:    ... okay on input line 51.
LaTeX Font Info:    Checking defaults for TS1/cmr/m/n on input line 51.
LaTeX Font Info:    ... okay on input line 51.
LaTeX Font Info:    Checking defaults for OMX/cmex/m/n on input line 51.
LaTeX Font Info:    ... okay on input line 51.
LaTeX Font Info:    Checking defaults for U/cmr/m/n on input line 51.
LaTeX Font Info:    ... okay on input line 51.
LaTeX Font Info:    Checking defaults for PD1/pdf/m/n on input line 51.
LaTeX Font Info:    ... okay on input line 51.
LaTeX Font Info:    Checking defaults for PU/pdf/m/n on input line 51.
LaTeX Font Info:    ... okay on input line 51.

*geometry* driver: auto-detecting
*geometry* detected driver: pdftex
*geometry* verbose mode - [ preamble ] result:
* driver: pdftex
* paper: letterpaper
* layout: <same size as paper>
* layoutoffset:(h,v)=(0.0pt,0.0pt)
* modes: 
* h-part:(L,W,R)=(85.35826pt, 443.57848pt, 85.35826pt)
* v-part:(T,H,B)=(56.9055pt, 681.15898pt, 56.9055pt)
* \paperwidth=614.295pt
* \paperheight=794.96999pt
* \textwidth=443.57848pt
* \textheight=681.15898pt
* \oddsidemargin=13.08827pt
* \evensidemargin=13.08827pt
* \topmargin=-52.36449pt
* \headheight=12.0pt
* \headsep=25.0pt
* \topskip=10.0pt
* \footskip=30.0pt
* \marginparwidth=49.79231pt
* \marginparsep=11.0pt
* \columnsep=10.0pt
* \skip\footins=9.0pt plus 4.0pt minus 2.0pt
* \hoffset=0.0pt
* \voffset=0.0pt
* \mag=1000
* \@twocolumnfalse
* \@twosidefalse
* \@mparswitchfalse
* \@reversemarginfalse
* (1in=72.27pt=25.4mm, 1cm=28.453pt)


(C:\Users\Owner\AppData\Local\Programs\MiKTeX\tex/latex/translations/dicts\tran
slations-basic-dictionary-english.trsl
File: translations-basic-dictionary-english.trsl (english translation file `tra
nslations-basic-dictionary')
)
Package translations Info: loading dictionary `translations-basic-dictionary' f
or `english'. on input line 51.

(C:\Users\Owner\AppData\Local\Programs\MiKTeX\tex/context/base/mkii\supp-pdf.mk
ii
[Loading MPS to PDF converter (version 2006.09.02).]
\scratchcounter=\count374
\scratchdimen=\dimen329
\scratchbox=\box93
\nofMPsegments=\count375
\nofMParguments=\count376
\everyMPshowfont=\toks42
\MPscratchCnt=\count377
\MPscratchDim=\dimen330
\MPnumerator=\count378
\makeMPintoPDFobject=\count379
\everyMPtoPDFconversion=\toks43
)
(C:\Users\Owner\AppData\Local\Programs\MiKTeX\tex/latex/epstopdf-pkg\epstopdf-b
ase.sty
Package: epstopdf-base 2020-01-24 v2.11 Base part for package epstopdf
Package epstopdf-base Info: Redefining graphics rule for `.eps' on input line 4
85.

(C:\Users\Owner\AppData\Local\Programs\MiKTeX\tex/latex/00miktex\epstopdf-sys.c
fg
File: epstopdf-sys.cfg 2021/03/18 v2.0 Configuration of epstopdf for MiKTeX
))
Package hyperref Info: Link coloring ON on input line 51.
 (D1M1_main_GP.out) (D1M1_main_GP.out)
\@outlinefile=\write4
\openout4 = `D1M1_main_GP.out'.

\c@lstlisting=\count380

(C:\Users\Owner\AppData\Local\Programs\MiKTeX\tex/latex/base\inputenc.sty
Package: inputenc 2024/02/08 v1.3d Input encoding file
\inpenc@prehook=\toks44
\inpenc@posthook=\toks45
)
<figures/straight_lines.jpeg, id=118, 1610.015pt x 2082.78125pt>
File: figures/straight_lines.jpeg Graphic file (type jpg)
<use figures/straight_lines.jpeg>
Package pdftex.def Info: figures/straight_lines.jpeg  used on input line 59.
(pdftex.def)             Requested size: 614.29332pt x 794.96098pt.

[1

{C:/Users/Owner/AppData/Local/MiKTeX/fonts/map/pdftex/pdftex.map}{C:/Users/Owne
r/AppData/Local/Programs/MiKTeX/fonts/enc/dvips/lm/lm-ec.enc} <./figures/straig
ht_lines.jpeg>]
LaTeX Font Info:    Trying to load font information for T1+lmtt on input line 9
6.

(C:\Users\Owner\AppData\Local\Programs\MiKTeX\tex/latex/lm\t1lmtt.fd
File: t1lmtt.fd 2015/05/01 v1.6.1 Font defs for Latin Modern
)
LaTeX Font Info:    Trying to load font information for OT1+lmr on input line 1
10.

(C:\Users\Owner\AppData\Local\Programs\MiKTeX\tex/latex/lm\ot1lmr.fd
File: ot1lmr.fd 2015/05/01 v1.6.1 Font defs for Latin Modern
)
LaTeX Font Info:    Trying to load font information for OML+lmm on input line 1
10.

(C:\Users\Owner\AppData\Local\Programs\MiKTeX\tex/latex/lm\omllmm.fd
File: omllmm.fd 2015/05/01 v1.6.1 Font defs for Latin Modern
)
LaTeX Font Info:    Trying to load font information for OMS+lmsy on input line 
110.

(C:\Users\Owner\AppData\Local\Programs\MiKTeX\tex/latex/lm\omslmsy.fd
File: omslmsy.fd 2015/05/01 v1.6.1 Font defs for Latin Modern
)
LaTeX Font Info:    Trying to load font information for OMX+lmex on input line 
110.

(C:\Users\Owner\AppData\Local\Programs\MiKTeX\tex/latex/lm\omxlmex.fd
File: omxlmex.fd 2015/05/01 v1.6.1 Font defs for Latin Modern
)
LaTeX Font Info:    External font `lmex10' loaded for size
(Font)              <10> on input line 110.
LaTeX Font Info:    External font `lmex10' loaded for size
(Font)              <7> on input line 110.
LaTeX Font Info:    External font `lmex10' loaded for size
(Font)              <5> on input line 110.
LaTeX Font Info:    Trying to load font information for U+msa on input line 110
.

(C:\Users\Owner\AppData\Local\Programs\MiKTeX\tex/latex/amsfonts\umsa.fd
File: umsa.fd 2013/01/14 v3.01 AMS symbols A
)
LaTeX Font Info:    Trying to load font information for U+msb on input line 110
.

(C:\Users\Owner\AppData\Local\Programs\MiKTeX\tex/latex/amsfonts\umsb.fd
File: umsb.fd 2013/01/14 v3.01 AMS symbols B
)
[2{C:/Users/Owner/AppData/Local/Programs/MiKTeX/fonts/enc/dvips/lm/lm-mathsy.en
c}{C:/Users/Owner/AppData/Local/Programs/MiKTeX/fonts/enc/dvips/lm/lm-mathit.en
c}] (D1M1_main_GP.toc
LaTeX Font Info:    Trying to load font information for T1+lmss on input line 4
.

(C:\Users\Owner\AppData\Local\Programs\MiKTeX\tex/latex/lm\t1lmss.fd
File: t1lmss.fd 2015/05/01 v1.6.1 Font defs for Latin Modern
)
LaTeX Font Info:    Font shape `T1/lmtt/bx/n' in size <10> not available
(Font)              Font shape `T1/lmtt/b/n' tried instead on input line 8.
)
\tf@toc=\write5
\openout5 = `D1M1_main_GP.toc'.

 [3]
LaTeX Font Info:    Trying to load font information for TS1+lmr on input line 1
46.

(C:\Users\Owner\AppData\Local\Programs\MiKTeX\tex/latex/lm\ts1lmr.fd
File: ts1lmr.fd 2015/05/01 v1.6.1 Font defs for Latin Modern
) [4{C:/Users/Owner/AppData/Local/Programs/MiKTeX/fonts/enc/dvips/lm/lm-ts1.enc
}{C:/Users/Owner/AppData/Local/Programs/MiKTeX/fonts/enc/dvips/lm/lm-rm.enc}{C:
/Users/Owner/AppData/Local/Programs/MiKTeX/fonts/enc/dvips/lm/lm-mathex.enc}]
LaTeX Font Info:    Trying to load font information for OT1+lmss on input line 
233.

(C:\Users\Owner\AppData\Local\Programs\MiKTeX\tex/latex/lm\ot1lmss.fd
File: ot1lmss.fd 2015/05/01 v1.6.1 Font defs for Latin Modern
) [5]
LaTeX Font Info:    External font `lmex10' loaded for size
(Font)              <8> on input line 269.
LaTeX Font Info:    External font `lmex10' loaded for size
(Font)              <6> on input line 269.

[6]
Overfull \hbox (18.63959pt too wide) in paragraph at lines 367--369
\T1/lmr/m/n/10 With $\OML/lmm/m/it/10 E[]$\T1/lmr/m/n/10 , the bind-ing en-ergy
 of the $\OT1/lmr/m/n/10 (\OML/lmm/m/it/10 m \OT1/lmr/m/n/10 + \OML/lmm/m/it/10
 n\OT1/lmr/m/n/10 )$\T1/lmr/m/n/10 -size clus-ter ([]\T1/lmtt/m/n/10 mobileSpec
iesBindingEnergy_eV[]\T1/lmr/m/n/10 ). Component-
 []

[7] [8] [9]
Overfull \hbox (13.50987pt too wide) in paragraph at lines 520--522
\T1/lmr/m/n/10 cence sink. The co-a-les-cence sink is di-ag-o-nal in the loop f
am-ily and, for each fam-ily $\OML/lmm/m/it/10 k \OMS/lmsy/m/n/10 2 f\OML/lmm/m
/it/10 vL; a[]L; a[]L; a[]L\OMS/lmsy/m/n/10 g$\T1/lmr/m/n/10 ,
 []

[10] [11]
LaTeX Font Info:    Font shape `T1/lmtt/bx/n' in size <14.4> not available
(Font)              Font shape `T1/lmtt/b/n' tried instead on input line 608.
 [12]
LaTeX Font Info:    External font `lmex10' loaded for size
(Font)              <9> on input line 704.

Underfull \hbox (badness 2573) in paragraph at lines 714--715
[]|\T1/lmr/m/n/9 Dirichlet con-di-tion on the mesh
 []

[13]
LaTeX Font Info:    Font shape `T1/lmtt/bx/n' in size <12> not available
(Font)              Font shape `T1/lmtt/b/n' tried instead on input line 745.
LaTeX Font Info:    Font shape `T1/lmtt/bx/n' in size <9> not available
(Font)              Font shape `T1/lmtt/b/n' tried instead on input line 764.

Underfull \hbox (badness 10000) in paragraph at lines 772--772
[]|\T1/lmr/m/n/9 Reaction-rate con-
 []


Underfull \hbox (badness 1308) in paragraph at lines 774--775
[]|\T1/lmr/m/n/9 sum $\OT1/lmr/m/n/9 (\OML/lmm/m/it/9 ![] \OT1/lmr/m/n/9 + \OML
/lmm/m/it/9 ![]\OT1/lmr/m/n/9 )$\T1/lmr/m/n/9 ; re-com-bi-na-tion $\OMS/lmsy/m/
n/9 ^^B \OML/lmm/m/it/9 ^^L[]$
 []


Underfull \hbox (badness 5519) in paragraph at lines 777--778
[]|\T1/lmr/m/n/9 DAD scheme $\OML/lmm/m/it/9 Z[][]\OT1/lmr/m/n/9 1[]\OML/lmm/m/
it/9 ^^N[]$\T1/lmr/m/n/9 , $\OML/lmm/m/it/9 Z[][]\OT1/lmr/m/n/9 1[]\OML/lmm/m/i
t/9 ^^N[]$\T1/lmr/m/n/9 ,
 []


Underfull \hbox (badness 1102) in paragraph at lines 798--799
\T1/lmr/m/n/9 loop--network, Avrami gates); a-loop
 []


Overfull \hbox (0.51288pt too wide) in paragraph at lines 762--801
 [][] 
 []

[14] [15] [16] [17] [18] [19]
Underfull \hbox (badness 1112) in paragraph at lines 1228--1228
[]\T1/lmr/m/n/10 Table 3: []Assembled second-order in-ter-ac-tion co-ef-fi-cien
ts of \T1/lmtt/m/n/10 ZrMicro-3d\T1/lmr/m/n/10 , com-pared with the
 []


Overfull \hbox (11.17775pt too wide) in paragraph at lines 1292--1308
 [][] 
 []

[20] [21]
Underfull \hbox (badness 10000) in paragraph at lines 1400--1400
[]|\T1/lmr/m/n/9 Mobile con-cen-tra-
 []


Underfull \hbox (badness 10000) in paragraph at lines 1403--1403
[]|\T1/lmr/m/n/9 Second-order re-ac-
 []


Underfull \hbox (badness 10000) in paragraph at lines 1407--1408
[]|\T1/lmr/m/n/9 equivalent (in-
 []

[22] [23] [24]
Overfull \hbox (4.51118pt too wide) in paragraph at lines 1678--1678
 []$\OT1/lmr/m/n/9 (\OML/lmm/m/it/9 T[]; [][]; N[]; d[]\OT1/lmr/m/n/9 )$ 
 []

[25] [26]
Overfull \hbox (12.8113pt too wide) in paragraph at lines 1861--1864
 [][] 
 []

[27]

LaTeX Warning: `!h' float specifier changed to `!ht'.

<figures/aloop_density_vs_experiment.png, id=621, 725.22945pt x 476.62065pt>
File: figures/aloop_density_vs_experiment.png Graphic file (type png)
<use figures/aloop_density_vs_experiment.png>
Package pdftex.def Info: figures/aloop_density_vs_experiment.png  used on input
 line 2014.
(pdftex.def)             Requested size: 217.35588pt x 142.84184pt.
<figures/aloop_diameter_vs_experiment.png, id=623, 724.50674pt x 476.62065pt>
File: figures/aloop_diameter_vs_experiment.png Graphic file (type png)
<use figures/aloop_diameter_vs_experiment.png>
Package pdftex.def Info: figures/aloop_diameter_vs_experiment.png  used on inpu
t line 2018.
(pdftex.def)             Requested size: 217.35588pt x 142.98729pt.
<figures/cloop_density_vs_experiment.png, id=624, 716.55705pt x 489.9906pt>
File: figures/cloop_density_vs_experiment.png Graphic file (type png)
<use figures/cloop_density_vs_experiment.png>
Package pdftex.def Info: figures/cloop_density_vs_experiment.png  used on input
 line 2024.
(pdftex.def)             Requested size: 217.35588pt x 148.62822pt.
<figures/cloop_diameter_vs_experiment.png, id=625, 720.5319pt x 489.9906pt>
File: figures/cloop_diameter_vs_experiment.png Graphic file (type png)
<use figures/cloop_diameter_vs_experiment.png>
Package pdftex.def Info: figures/cloop_diameter_vs_experiment.png  used on inpu
t line 2028.
(pdftex.def)             Requested size: 217.35588pt x 147.81326pt.
[28] [29 <./figures/aloop_density_vs_experiment.png> <./figures/aloop_diameter_
vs_experiment.png> <./figures/cloop_density_vs_experiment.png> <./figures/cloop
_diameter_vs_experiment.png>] [30]
<figures/point_defects.png, id=654, 517.6941pt x 350.2686pt>
File: figures/point_defects.png Graphic file (type png)
<use figures/point_defects.png>
Package pdftex.def Info: figures/point_defects.png  used on input line 2081.
(pdftex.def)             Requested size: 310.50357pt x 210.08261pt.

Overfull \hbox (0.92255pt too wide) in paragraph at lines 2086--2087
[]\T1/lmr/m/n/10 The to-tal stored-defect curve of Fig-ure [][]6[][] ag-gre-gat
es these chan-nels and makes the buildup,overshoot,
 []

<figures/total_defect_evolution.png, id=658, 519.6213pt x 350.2686pt>
File: figures/total_defect_evolution.png Graphic file (type png)
<use figures/total_defect_evolution.png>
Package pdftex.def Info: figures/total_defect_evolution.png  used on input line
 2090.
(pdftex.def)             Requested size: 310.50357pt x 209.31297pt.
<figures/interstitial_fractions.png, id=659, 519.3804pt x 350.2686pt>
File: figures/interstitial_fractions.png Graphic file (type png)
<use figures/interstitial_fractions.png>
Package pdftex.def Info: figures/interstitial_fractions.png  used on input line
 2097.
(pdftex.def)             Requested size: 217.35588pt x 146.58269pt.
<figures/vacancy_fractions.png, id=660, 519.3804pt x 350.2686pt>
File: figures/vacancy_fractions.png Graphic file (type png)
<use figures/vacancy_fractions.png>
Package pdftex.def Info: figures/vacancy_fractions.png  used on input line 2099
.
(pdftex.def)             Requested size: 217.35588pt x 146.58269pt.
<figures/defect_imbalance.png, id=661, 536.4843pt x 350.2686pt>
File: figures/defect_imbalance.png Graphic file (type png)
<use figures/defect_imbalance.png>
Package pdftex.def Info: figures/defect_imbalance.png  used on input line 2106.

(pdftex.def)             Requested size: 310.50357pt x 202.72835pt.
<figures/flux_evolution.png, id=663, 519.6213pt x 350.2686pt>
File: figures/flux_evolution.png Graphic file (type png)
<use figures/flux_evolution.png>
Package pdftex.def Info: figures/flux_evolution.png  used on input line 2115.
(pdftex.def)             Requested size: 217.35588pt x 146.51854pt.
<figures/net_flux_balance.png, id=664, 521.3076pt x 350.2686pt>
File: figures/net_flux_balance.png Graphic file (type png)
<use figures/net_flux_balance.png>
Package pdftex.def Info: figures/net_flux_balance.png  used on input line 2117.

(pdftex.def)             Requested size: 217.35588pt x 146.04288pt.
[31 <./figures/point_defects.png>] [32 <./figures/total_defect_evolution.png> <
./figures/interstitial_fractions.png> <./figures/vacancy_fractions.png>]
[33 <./figures/defect_imbalance.png> <./figures/flux_evolution.png> <./figures/
net_flux_balance.png>]
<figures/loop_density.png, id=693, 533.8344pt x 449.7603pt>
File: figures/loop_density.png Graphic file (type png)
<use figures/loop_density.png>
Package pdftex.def Info: figures/loop_density.png  used on input line 2127.
(pdftex.def)             Requested size: 310.50357pt x 261.60919pt.
<figures/loop_diameter_vs_dose.png, id=694, 706.8006pt x 489.9906pt>
File: figures/loop_diameter_vs_dose.png Graphic file (type png)
<use figures/loop_diameter_vs_dose.png>
Package pdftex.def Info: figures/loop_diameter_vs_dose.png  used on input line 
2134.
(pdftex.def)             Requested size: 310.50357pt x 215.26007pt.
<figures/loop_density_analysis.png, id=695, 517.6941pt x 350.2686pt>
File: figures/loop_density_analysis.png Graphic file (type png)
<use figures/loop_density_analysis.png>
Package pdftex.def Info: figures/loop_density_analysis.png  used on input line 
2141.
(pdftex.def)             Requested size: 310.50357pt x 210.08261pt.

Overfull \hbox (0.75502pt too wide) in paragraph at lines 2146--2147
\OT1/lmr/m/n/10 473$ \T1/lmr/m/n/10 and $\OT1/lmr/m/n/10 673 $\T1/lmr/m/n/10 K.
 The pre-dicted sat-u-ra-tion den-sity de-creases mono-ton-i-cally with in-crea
s-ing temperature---
 []

File: figures/aloop_density_vs_experiment.png Graphic file (type png)
<use figures/aloop_density_vs_experiment.png>
Package pdftex.def Info: figures/aloop_density_vs_experiment.png  used on input
 line 2150.
(pdftex.def)             Requested size: 217.35588pt x 142.84184pt.
File: figures/aloop_diameter_vs_experiment.png Graphic file (type png)
<use figures/aloop_diameter_vs_experiment.png>
Package pdftex.def Info: figures/aloop_diameter_vs_experiment.png  used on inpu
t line 2152.
(pdftex.def)             Requested size: 217.35588pt x 142.98729pt.
File: figures/cloop_density_vs_experiment.png Graphic file (type png)
<use figures/cloop_density_vs_experiment.png>
Package pdftex.def Info: figures/cloop_density_vs_experiment.png  used on input
 line 2159.
(pdftex.def)             Requested size: 217.35588pt x 148.62822pt.
File: figures/cloop_diameter_vs_experiment.png Graphic file (type png)
<use figures/cloop_diameter_vs_experiment.png>
Package pdftex.def Info: figures/cloop_diameter_vs_experiment.png  used on inpu
t line 2161.
(pdftex.def)             Requested size: 217.35588pt x 147.81326pt.
[34

 <./figures/loop_density.png>] [35 <./figures/loop_diameter_vs_dose.png> <./fig
ures/loop_density_analysis.png>] [36]
<figures/network_density_evolution.png, id=721, 635.2533pt x 417.7206pt>
File: figures/network_density_evolution.png Graphic file (type png)
<use figures/network_density_evolution.png>
Package pdftex.def Info: figures/network_density_evolution.png  used on input l
ine 2170.
(pdftex.def)             Requested size: 310.50357pt x 204.17497pt.
<figures/loop_network_spacing.png, id=722, 634.16925pt x 417.7206pt>
File: figures/loop_network_spacing.png Graphic file (type png)
<use figures/loop_network_spacing.png>
Package pdftex.def Info: figures/loop_network_spacing.png  used on input line 2
177.
(pdftex.def)             Requested size: 217.35588pt x 143.17043pt.
<figures/loop_loop_spacing.png, id=723, 634.5306pt x 417.7206pt>
File: figures/loop_loop_spacing.png Graphic file (type png)
<use figures/loop_loop_spacing.png>
Package pdftex.def Info: figures/loop_loop_spacing.png  used on input line 2179
.
(pdftex.def)             Requested size: 217.35588pt x 143.08755pt.
<figures/conservation_channels_i.png, id=726, 525.8847pt x 350.2686pt>
File: figures/conservation_channels_i.png Graphic file (type png)
<use figures/conservation_channels_i.png>
Package pdftex.def Info: figures/conservation_channels_i.png  used on input lin
e 2188.
(pdftex.def)             Requested size: 217.35588pt x 144.77084pt.
<figures/conservation_channels_v.png, id=727, 525.8847pt x 350.2686pt>
File: figures/conservation_channels_v.png Graphic file (type png)
<use figures/conservation_channels_v.png>
Package pdftex.def Info: figures/conservation_channels_v.png  used on input lin
e 2190.
(pdftex.def)             Requested size: 217.35588pt x 144.77084pt.
<figures/conservation_error.png, id=728, 521.3076pt x 350.2686pt>
File: figures/conservation_error.png Graphic file (type png)
<use figures/conservation_error.png>
Package pdftex.def Info: figures/conservation_error.png  used on input line 219
7.
(pdftex.def)             Requested size: 310.50357pt x 208.6342pt.
 [37 <./figures/network_density_evolution.png> <./figures/loop_network_spacing.
png> <./figures/loop_loop_spacing.png>] [38 <./figures/conservation_channels_i.
png> <./figures/conservation_channels_v.png> <./figures/conservation_error.png>
]
<figures/mobile_fields.png, id=752, 1011.49092pt x 828.50328pt>
File: figures/mobile_fields.png Graphic file (type png)
<use figures/mobile_fields.png>
Package pdftex.def Info: figures/mobile_fields.png  used on input line 2267.
(pdftex.def)             Requested size: 443.57848pt x 363.32893pt.
<figures/immobile_density_fields.png, id=757, 1008.31104pt x 828.50328pt>
File: figures/immobile_density_fields.png Graphic file (type png)
<use figures/immobile_density_fields.png>
Package pdftex.def Info: figures/immobile_density_fields.png  used on input lin
e 2302.
(pdftex.def)             Requested size: 443.57848pt x 364.47935pt.
<figures/immobile_content_fields.png, id=758, 1017.85068pt x 828.50328pt>
File: figures/immobile_content_fields.png Graphic file (type png)
<use figures/immobile_content_fields.png>
Package pdftex.def Info: figures/immobile_content_fields.png  used on input lin
e 2312.
(pdftex.def)             Requested size: 443.57848pt x 361.05339pt.
<figures/loops_c_overlay.png, id=763, 1019.29608pt x 217.96632pt>
File: figures/loops_c_overlay.png Graphic file (type png)
<use figures/loops_c_overlay.png>
Package pdftex.def Info: figures/loops_c_overlay.png  used on input line 2334.
(pdftex.def)             Requested size: 443.57848pt x 94.85449pt.
 [39] [40 <./figures/mobile_fields.png>] [41 <./figures/immobile_density_fields
.png>] [42 <./figures/immobile_content_fields.png>]
<figures/loops_a1_overlay.png, id=791, 1010.04552pt x 217.96632pt>
File: figures/loops_a1_overlay.png Graphic file (type png)
<use figures/loops_a1_overlay.png>
Package pdftex.def Info: figures/loops_a1_overlay.png  used on input line 2342.

(pdftex.def)             Requested size: 443.57848pt x 95.72255pt.
<figures/gb_mobile_profiles.png, id=796, 1361.85588pt x 292.25987pt>
File: figures/gb_mobile_profiles.png Graphic file (type png)
<use figures/gb_mobile_profiles.png>
Package pdftex.def Info: figures/gb_mobile_profiles.png  used on input line 236
1.
(pdftex.def)             Requested size: 443.57848pt x 95.19292pt.
<figures/gb_density_profiles.png, id=797, 1361.5668pt x 292.25987pt>
File: figures/gb_density_profiles.png Graphic file (type png)
<use figures/gb_density_profiles.png>
Package pdftex.def Info: figures/gb_density_profiles.png  used on input line 23
71.
(pdftex.def)             Requested size: 443.57848pt x 95.21075pt.
<figures/gb_content_profiles.png, id=798, 1362.14496pt x 292.25987pt>
File: figures/gb_content_profiles.png Graphic file (type png)
<use figures/gb_content_profiles.png>
Package pdftex.def Info: figures/gb_content_profiles.png  used on input line 23
80.
(pdftex.def)             Requested size: 443.57848pt x 95.17062pt.
<figures/gb_size_profiles.png, id=799, 1363.87944pt x 292.25987pt>
File: figures/gb_size_profiles.png Graphic file (type png)
<use figures/gb_size_profiles.png>
Package pdftex.def Info: figures/gb_size_profiles.png  used on input line 2387.

(pdftex.def)             Requested size: 443.57848pt x 95.05022pt.
 [43 <./figures/loops_c_overlay.png> <./figures/loops_a1_overlay.png> <./figure
s/gb_mobile_profiles.png>] [44 <./figures/gb_density_profiles.png> <./figures/g
b_content_profiles.png> <./figures/gb_size_profiles.png>]
<figures/mesh_E_281218tets.png, id=823, 550.40833pt x 425.81483pt>
File: figures/mesh_E_281218tets.png Graphic file (type png)
<use figures/mesh_E_281218tets.png>
Package pdftex.def Info: figures/mesh_E_281218tets.png  used on input line 2419
.
(pdftex.def)             Requested size: 212.91577pt x 164.71565pt.
<figures/mesh_hex400_cut_y.png, id=824, 542.025pt x 425.81483pt>
File: figures/mesh_hex400_cut_y.png Graphic file (type png)
<use figures/mesh_hex400_cut_y.png>
Package pdftex.def Info: figures/mesh_hex400_cut_y.png  used on input line 2421
.
(pdftex.def)             Requested size: 212.91577pt x 167.26263pt.
<figures/size_dist_a3_01dpa.png, id=826, 452.12112pt x 307.58112pt>
File: figures/size_dist_a3_01dpa.png Graphic file (type png)
<use figures/size_dist_a3_01dpa.png>
Package pdftex.def Info: figures/size_dist_a3_01dpa.png  used on input line 243
0.
(pdftex.def)             Requested size: 212.91577pt x 144.84943pt.
<figures/size_dist_a3_26dpa.png, id=827, 452.12112pt x 307.58112pt>
File: figures/size_dist_a3_26dpa.png Graphic file (type png)
<use figures/size_dist_a3_26dpa.png>
Package pdftex.def Info: figures/size_dist_a3_26dpa.png  used on input line 243
2.
(pdftex.def)             Requested size: 212.91577pt x 144.84943pt.
<figures/size_dist_c_01dpa.png, id=829, 452.12112pt x 307.58112pt>
File: figures/size_dist_c_01dpa.png Graphic file (type png)
<use figures/size_dist_c_01dpa.png>
Package pdftex.def Info: figures/size_dist_c_01dpa.png  used on input line 2441
.
(pdftex.def)             Requested size: 212.91577pt x 144.84943pt.
<figures/size_dist_c_26dpa.png, id=830, 452.12112pt x 307.58112pt>
File: figures/size_dist_c_26dpa.png Graphic file (type png)
<use figures/size_dist_c_26dpa.png>
Package pdftex.def Info: figures/size_dist_c_26dpa.png  used on input line 2443
.
(pdftex.def)             Requested size: 212.91577pt x 144.84943pt.
 [45 <./figures/mesh_E_281218tets.png> <./figures/mesh_hex400_cut_y.png>]
<figures/loops_a1_06dpa.png, id=841, 378.40572pt x 217.96632pt>
File: figures/loops_a1_06dpa.png Graphic file (type png)
<use figures/loops_a1_06dpa.png>
Package pdftex.def Info: figures/loops_a1_06dpa.png  used on input line 2452.
(pdftex.def)             Requested size: 212.91577pt x 122.64566pt.
<figures/loops_a2_06dpa.png, id=842, 378.40572pt x 217.96632pt>
File: figures/loops_a2_06dpa.png Graphic file (type png)
<use figures/loops_a2_06dpa.png>
Package pdftex.def Info: figures/loops_a2_06dpa.png  used on input line 2454.
(pdftex.def)             Requested size: 212.91577pt x 122.64566pt.
<figures/loops_a3_06dpa.png, id=843, 378.40572pt x 217.96632pt>
File: figures/loops_a3_06dpa.png Graphic file (type png)
<use figures/loops_a3_06dpa.png>
Package pdftex.def Info: figures/loops_a3_06dpa.png  used on input line 2455.
(pdftex.def)             Requested size: 212.91577pt x 122.64566pt.
<figures/loops_c_06dpa.png, id=844, 395.17236pt x 217.96632pt>
File: figures/loops_c_06dpa.png Graphic file (type png)
<use figures/loops_c_06dpa.png>
Package pdftex.def Info: figures/loops_c_06dpa.png  used on input line 2457.
(pdftex.def)             Requested size: 212.91577pt x 117.44064pt.
 [46 <./figures/size_dist_a3_01dpa.png> <./figures/size_dist_a3_26dpa.png> <./f
igures/size_dist_c_01dpa.png> <./figures/size_dist_c_26dpa.png>] [47 <./figures
/loops_a1_06dpa.png> <./figures/loops_a2_06dpa.png> <./figures/loops_a3_06dpa.p
ng> <./figures/loops_c_06dpa.png>]
Overfull \hbox (14.39604pt too wide) in paragraph at lines 2508--2509
[]\T1/lmr/bx/n/10 The spa-tial model re-pro-duces the mean-field ki-net-ics in 
the well-mixed limit. \T1/lmtt/m/n/10 ZrMicro-3d
 []

[48] [49] [50] (D1M1_main_GP.bbl) [51] (D1M1_main_GP.aux)
 ***********
LaTeX2e <2025-11-01>
L3 programming layer <2026-03-20>
 ***********
Package rerunfilecheck Info: File `D1M1_main_GP.out' has not changed.
(rerunfilecheck)             Checksum: 70882C42BF2D8F9EEF993B4EDC5F5672;3954.
 ) 
Here is how much of TeX's memory you used:
 36607 strings out of 467691
 786559 string characters out of 5414988
 1207111 words of memory out of 5000000
 64760 multiletter control sequences out of 15000+600000
 748263 words of font info for 121 fonts, out of 8000000 for 9000
 1141 hyphenation exceptions out of 8191
 84i,19n,96p,1917b,1168s stack positions out of 10000i,1000n,20000p,200000b,200000s
<C:/Users/Owner/AppData/Local/Programs/MiKTeX/fonts/type1/public/lm/lmbsy10.p
fb><C:/Users/Owner/AppData/Local/Programs/MiKTeX/fonts/type1/public/lm/lmbx10.p
fb><C:/Users/Owner/AppData/Local/Programs/MiKTeX/fonts/type1/public/lm/lmbx12.p
fb><C:/Users/Owner/AppData/Local/Programs/MiKTeX/fonts/type1/public/lm/lmbx9.pf
b><C:/Users/Owner/AppData/Local/Programs/MiKTeX/fonts/type1/public/lm/lmex10.pf
b><C:/Users/Owner/AppData/Local/Programs/MiKTeX/fonts/type1/public/lm/lmmi10.pf
b><C:/Users/Owner/AppData/Local/Programs/MiKTeX/fonts/type1/public/lm/lmmi5.pfb
><C:/Users/Owner/AppData/Local/Programs/MiKTeX/fonts/type1/public/lm/lmmi6.pfb>
<C:/Users/Owner/AppData/Local/Programs/MiKTeX/fonts/type1/public/lm/lmmi7.pfb><
C:/Users/Owner/AppData/Local/Programs/MiKTeX/fonts/type1/public/lm/lmmi8.pfb><C
:/Users/Owner/AppData/Local/Programs/MiKTeX/fonts/type1/public/lm/lmmi9.pfb><C:
/Users/Owner/AppData/Local/Programs/MiKTeX/fonts/type1/public/lm/lmmib10.pfb><C
:/Users/Owner/AppData/Local/Programs/MiKTeX/fonts/type1/public/lm/lmmib7.pfb><C
:/Users/Owner/AppData/Local/Programs/MiKTeX/fonts/type1/public/lm/lmr10.pfb><C:
/Users/Owner/AppData/Local/Programs/MiKTeX/fonts/type1/public/lm/lmr12.pfb><C:/
Users/Owner/AppData/Local/Programs/MiKTeX/fonts/type1/public/lm/lmr17.pfb><C:/U
sers/Owner/AppData/Local/Programs/MiKTeX/fonts/type1/public/lm/lmr5.pfb><C:/Use
rs/Owner/AppData/Local/Programs/MiKTeX/fonts/type1/public/lm/lmr6.pfb><C:/Users
/Owner/AppData/Local/Programs/MiKTeX/fonts/type1/public/lm/lmr7.pfb><C:/Users/O
wner/AppData/Local/Programs/MiKTeX/fonts/type1/public/lm/lmr8.pfb><C:/Users/Own
er/AppData/Local/Programs/MiKTeX/fonts/type1/public/lm/lmr9.pfb><C:/Users/Owner
/AppData/Local/Programs/MiKTeX/fonts/type1/public/lm/lmri10.pfb><C:/Users/Owner
/AppData/Local/Programs/MiKTeX/fonts/type1/public/lm/lmri9.pfb><C:/Users/Owner/
AppData/Local/Programs/MiKTeX/fonts/type1/public/lm/lmss10.pfb><C:/Users/Owner/
AppData/Local/Programs/MiKTeX/fonts/type1/public/lm/lmss9.pfb><C:/Users/Owner/A
ppData/Local/Programs/MiKTeX/fonts/type1/public/lm/lmssbx10.pfb><C:/Users/Owner
/AppData/Local/Programs/MiKTeX/fonts/type1/public/lm/lmsy10.pfb><C:/Users/Owner
/AppData/Local/Programs/MiKTeX/fonts/type1/public/lm/lmsy6.pfb><C:/Users/Owner/
AppData/Local/Programs/MiKTeX/fonts/type1/public/lm/lmsy7.pfb><C:/Users/Owner/A
ppData/Local/Programs/MiKTeX/fonts/type1/public/lm/lmsy8.pfb><C:/Users/Owner/Ap
pData/Local/Programs/MiKTeX/fonts/type1/public/lm/lmsy9.pfb><C:/Users/Owner/App
Data/Local/Programs/MiKTeX/fonts/type1/public/lm/lmtk10.pfb><C:/Users/Owner/App
Data/Local/Programs/MiKTeX/fonts/type1/public/lm/lmtt10.pfb><C:/Users/Owner/App
Data/Local/Programs/MiKTeX/fonts/type1/public/lm/lmtt9.pfb><C:/Users/Owner/AppD
ata/Local/Programs/MiKTeX/fonts/type1/public/lm/lmtti10.pfb><C:/Users/Owner/App
Data/Local/Programs/MiKTeX/fonts/type1/public/amsfonts/symbols/msam10.pfb><C:/U
sers/Owner/AppData/Local/Programs/MiKTeX/fonts/type1/public/amsfonts/symbols/ms
bm10.pfb>
Output written on D1M1_main_GP.pdf (51 pages, 11547061 bytes).
PDF statistics:
 1156 PDF objects out of 1200 (max. 8388607)
 294 named destinations out of 1000 (max. 500000)
 509 words of extra memory for PDF output out of 10000 (max. 10000000)

