\BOOKMARK [1][-]{section.1}{\376\377\000T\000h\000e\000\040\000b\000a\000s\000e\000l\000i\000n\000e\000:\000\040\000M\000o\000D\000E\000L\000i\000b\0002\000-\000N\000N\000L\000,\000\040\000b\000e\000f\000o\000r\000e\000\040\000t\000h\000e\000\040\000i\000m\000m\000o\000b\000i\000l\000e\000\040\000p\000o\000p\000u\000l\000a\000t\000i\000o\000n\000s}{}% 1
\BOOKMARK [0][-]{part.1}{\376\377\000I\000\040\000T\000h\000e\000\040\000i\000m\000m\000o\000b\000i\000l\000e\000\040\000p\000o\000p\000u\000l\000a\000t\000i\000o\000n\000\040\000e\000q\000u\000a\000t\000i\000o\000n\000s}{}% 2
\BOOKMARK [1][-]{section.2}{\376\377\000I\000n\000t\000r\000o\000d\000u\000c\000i\000n\000g\000\040\000t\000h\000e\000\040\000i\000m\000m\000o\000b\000i\000l\000e\000\040\000p\000o\000p\000u\000l\000a\000t\000i\000o\000n\000s}{part.1}% 3
\BOOKMARK [1][-]{section.3}{\376\377\000N\000u\000c\000l\000e\000a\000t\000i\000o\000n}{part.1}% 4
\BOOKMARK [1][-]{section.4}{\376\377\000G\000r\000o\000w\000t\000h\000\040\000b\000y\000\040\000a\000b\000s\000o\000r\000p\000t\000i\000o\000n}{part.1}% 5
\BOOKMARK [1][-]{section.5}{\376\377\000A\000n\000n\000e\000a\000l\000i\000n\000g\000\040\000a\000n\000d\000\040\000t\000h\000e\000r\000m\000a\000l\000\040\000e\000m\000i\000s\000s\000i\000o\000n}{part.1}% 6
\BOOKMARK [1][-]{section.6}{\376\377\000C\000o\000a\000l\000e\000s\000c\000e\000n\000c\000e}{part.1}% 7
\BOOKMARK [0][-]{part.2}{\376\377\000I\000I\000\040\000T\000h\000e\000\040\000m\000o\000b\000i\000l\000e\000\040\000s\000o\000l\000v\000e\000,\000\040\000a\000n\000d\000\040\000t\000h\000e\000\040\000c\000o\000u\000p\000l\000i\000n\000g\000\040\000b\000e\000t\000w\000e\000e\000n\000\040\000t\000h\000e\000\040\000t\000w\000o}{}% 8
\BOOKMARK [0][-]{part.3}{\376\377\000I\000I\000I\000\040\000T\000h\000e\000\040\000m\000a\000t\000e\000r\000i\000a\000l\000\040\000f\000i\000l\000e\000\040\000a\000n\000d\000\040\000t\000h\000e\000\040\000v\000e\000r\000i\000f\000i\000c\000a\000t\000i\000o\000n\000\040\000c\000a\000s\000e}{}% 9
\BOOKMARK [0][-]{part.4}{\376\377\000I\000V\000\040\000T\000h\000e\000\040\000c\000o\000u\000p\000l\000e\000d\000\040\000a\000r\000c\000h\000i\000t\000e\000c\000t\000u\000r\000e}{}% 10
\BOOKMARK [0][-]{part.5}{\376\377\000V\000\040\000P\000h\000y\000s\000i\000c\000s\000\040\000c\000o\000r\000r\000e\000c\000t\000i\000o\000n\000s\000\040\000f\000o\000u\000n\000d\000\040\000b\000y\000\040\000m\000e\000a\000s\000u\000r\000e\000m\000e\000n\000t}{}% 11
\BOOKMARK [0][-]{part.6}{\376\377\000V\000I\000\040\000C\000o\000m\000p\000u\000t\000a\000t\000i\000o\000n\000a\000l\000\040\000e\000f\000f\000i\000c\000i\000e\000n\000c\000y}{}% 12
\BOOKMARK [1][-]{section.7}{\376\377\000T\000h\000e\000\040\0000\000-\000D\000\040\000s\000o\000l\000v\000e\000r}{part.6}% 13
\BOOKMARK [1][-]{section.8}{\376\377\000T\000h\000e\000\040\000f\000a\000s\000t\000\040\000s\000o\000l\000v\000e}{part.6}% 14
\BOOKMARK [0][-]{part.7}{\376\377\000V\000I\000I\000\040\000P\000o\000r\000t\000a\000b\000i\000l\000i\000t\000y\000,\000\040\000r\000e\000p\000r\000o\000d\000u\000c\000i\000b\000i\000l\000i\000t\000y\000\040\000a\000n\000d\000\040\000p\000o\000s\000t\000-\000p\000r\000o\000c\000e\000s\000s\000i\000n\000g}{}% 15
\BOOKMARK [0][-]{part.8}{\376\377\000V\000I\000I\000I\000\040\000A\000n\000i\000s\000o\000t\000r\000o\000p\000i\000c\000\040\000d\000i\000f\000f\000u\000s\000i\000o\000n\000\040\000a\000n\000d\000\040\000t\000h\000e\000\040\000d\000i\000s\000c\000r\000e\000t\000e\000\040\000h\000a\000n\000d\000o\000f\000f}{}% 16
\BOOKMARK [0][-]{part.9}{\376\377\000I\000X\000\040\000L\000a\000t\000t\000i\000c\000e\000\040\000c\000o\000n\000s\000t\000a\000n\000t\000s\000\040\000a\000n\000d\000\040\000t\000h\000e\000\040\000l\000o\000o\000p\000\040\000B\000u\000r\000g\000e\000r\000s\000\040\000v\000e\000c\000t\000o\000r\000s}{}% 17
\BOOKMARK [0][-]{part.10}{\376\377\000X\000\040\000O\000p\000e\000n\000\040\000i\000t\000e\000m\000s}{}% 18
\BOOKMARK [1][-]{section*.4}{\376\377\000V\000e\000r\000i\000f\000i\000c\000a\000t\000i\000o\000n\000\040\000s\000t\000a\000t\000u\000s\000\040\000a\000g\000a\000i\000n\000s\000t\000\040\000t\000h\000e\000\040\0000\000-\000D}{part.10}% 19
\BOOKMARK [1][-]{section*.5}{\376\377\000S\000u\000m\000m\000a\000r\000y\000\040\000o\000f\000\040\000m\000e\000a\000s\000u\000r\000e\000d\000\040\000e\000f\000f\000i\000c\000i\000e\000n\000c\000y\000\040\000c\000h\000a\000n\000g\000e\000s}{part.10}% 20
