\BOOKMARK [1][-]{section.1}{\376\377\000I\000n\000t\000r\000o\000d\000u\000c\000t\000i\000o\000n}{}% 1
\BOOKMARK [2][-]{subsection.1.1}{\376\377\000W\000h\000a\000t\000\040\000D\000i\000s\000l\000o\000C\000l\000u\000s\000t\000e\000r\000\040\000d\000o\000e\000s}{section.1}% 2
\BOOKMARK [2][-]{subsection.1.2}{\376\377\000T\000h\000e\000\040\000t\000h\000r\000e\000e\000\040\000w\000a\000y\000s\000\040\000t\000o\000\040\000r\000u\000n\000\040\000i\000t}{section.1}% 3
\BOOKMARK [2][-]{subsection.1.3}{\376\377\000R\000e\000p\000o\000s\000i\000t\000o\000r\000y\000\040\000l\000a\000y\000o\000u\000t}{section.1}% 4
\BOOKMARK [2][-]{subsection.1.4}{\376\377\000C\000o\000n\000v\000e\000n\000t\000i\000o\000n\000s\000\040\000u\000s\000e\000d\000\040\000i\000n\000\040\000t\000h\000i\000s\000\040\000m\000a\000n\000u\000a\000l}{section.1}% 5
\BOOKMARK [1][-]{section.2}{\376\377\000I\000n\000s\000t\000a\000l\000l\000a\000t\000i\000o\000n}{}% 6
\BOOKMARK [2][-]{subsection.2.1}{\376\377\000P\000r\000e\000r\000e\000q\000u\000i\000s\000i\000t\000e\000s}{section.2}% 7
\BOOKMARK [2][-]{subsection.2.2}{\376\377\000S\000t\000e\000p\000\040\0001\000:\000\040\000W\000i\000n\000d\000o\000w\000s\000\040\000t\000o\000o\000l\000s}{section.2}% 8
\BOOKMARK [2][-]{subsection.2.3}{\376\377\000S\000t\000e\000p\000\040\0002\000:\000\040\000c\000l\000o\000n\000e\000\040\000t\000h\000e\000\040\000r\000e\000p\000o\000s\000i\000t\000o\000r\000y}{section.2}% 9
\BOOKMARK [2][-]{subsection.2.4}{\376\377\000S\000t\000e\000p\000\040\0003\000:\000\040\000W\000S\000L\000\040\000a\000n\000d\000\040\000U\000b\000u\000n\000t\000u}{section.2}% 10
\BOOKMARK [2][-]{subsection.2.5}{\376\377\000S\000t\000e\000p\000\040\0004\000:\000\040\000S\000U\000N\000D\000I\000A\000L\000S\000\040\0007\000.\0001\000.\0001}{section.2}% 11
\BOOKMARK [1][-]{section.3}{\376\377\000T\000h\000e\000\040\000P\000y\000t\000h\000o\000n\000\040\000v\000i\000r\000t\000u\000a\000l\000\040\000e\000n\000v\000i\000r\000o\000n\000m\000e\000n\000t}{}% 12
\BOOKMARK [2][-]{subsection.3.1}{\376\377\000C\000r\000e\000a\000t\000e\000\040\000t\000h\000e\000\040\000v\000e\000n\000v\000\040\000a\000n\000d\000\040\000i\000n\000s\000t\000a\000l\000l\000\040\000d\000e\000p\000e\000n\000d\000e\000n\000c\000i\000e\000s}{section.3}% 13
\BOOKMARK [2][-]{subsection.3.2}{\376\377\000R\000e\000g\000i\000s\000t\000e\000r\000\040\000t\000h\000e\000\040\000J\000u\000p\000y\000t\000e\000r\000\040\000k\000e\000r\000n\000e\000l}{section.3}% 14
\BOOKMARK [2][-]{subsection.3.3}{\376\377\000V\000e\000r\000i\000f\000y\000\040\000p\000a\000t\000h\000\040\000r\000e\000s\000o\000l\000u\000t\000i\000o\000n}{section.3}% 15
\BOOKMARK [1][-]{section.4}{\376\377\000B\000u\000i\000l\000d\000i\000n\000g\000\040\000t\000h\000e\000\040\000t\000w\000o\000\040\000c\000o\000d\000e\000s}{}% 16
\BOOKMARK [2][-]{subsection.4.1}{\376\377\000T\000h\000e\000\040\0000\000-\000D\000\040\000Z\000r\000M\000i\000c\000r\000o\000\040\000s\000o\000l\000v\000e\000r\000\040\000\050\000W\000i\000n\000d\000o\000w\000s\000,\000\040\000n\000a\000t\000i\000v\000e\000\051}{section.4}% 17
\BOOKMARK [2][-]{subsection.4.2}{\376\377\000T\000h\000e\000\040\0003\000-\000D\000\040\000M\000o\000D\000E\000L\000i\000b\0003\000\040\000c\000o\000d\000e\000\040\000\050\000i\000n\000s\000i\000d\000e\000\040\000W\000S\000L\000\051}{section.4}% 18
\BOOKMARK [2][-]{subsection.4.3}{\376\377\000V\000e\000r\000i\000f\000y\000\040\000t\000h\000e\000\040\000b\000u\000i\000l\000d\000s}{section.4}% 19
\BOOKMARK [1][-]{section.5}{\376\377\000F\000i\000r\000s\000t\000\040\000s\000i\000m\000u\000l\000a\000t\000i\000o\000n\000:\000\040\000t\000h\000e\000\040\0003\000-\000D\000\040\000s\000i\000n\000g\000l\000e\000-\000c\000r\000y\000s\000t\000a\000l\000\040\000t\000e\000s\000t}{}% 20
\BOOKMARK [2][-]{subsection.5.1}{\376\377\000T\000h\000e\000\040\000c\000a\000s\000e}{section.5}% 21
\BOOKMARK [2][-]{subsection.5.2}{\376\377\000Q\000u\000i\000c\000k\000\040\000s\000t\000a\000r\000t\000:\000\040\000f\000i\000g\000u\000r\000e\000s\000\040\000i\000n\000\040\000m\000i\000n\000u\000t\000e\000s}{section.5}% 22
\BOOKMARK [2][-]{subsection.5.3}{\376\377\000R\000u\000n\000n\000i\000n\000g\000\040\000t\000h\000e\000\040\000s\000o\000l\000v\000e}{section.5}% 23
\BOOKMARK [2][-]{subsection.5.4}{\376\377\000R\000e\000a\000d\000i\000n\000g\000\040\000t\000h\000e\000\040\000f\000i\000g\000u\000r\000e\000s\000\040\000c\000r\000i\000t\000i\000c\000a\000l\000l\000y}{section.5}% 24
\BOOKMARK [1][-]{section.6}{\376\377\000T\000h\000e\000\040\0000\000-\000D\000\040\000Z\000r\000M\000i\000c\000r\000o\000\040\000s\000i\000m\000u\000l\000a\000t\000i\000o\000n}{}% 25
\BOOKMARK [2][-]{subsection.6.1}{\376\377\000R\000u\000n\000n\000i\000n\000g\000\040\000i\000t}{section.6}% 26
\BOOKMARK [2][-]{subsection.6.2}{\376\377\000I\000n\000p\000u\000t\000s\000:\000\040\000t\000h\000e\000\040\000E\000x\000c\000e\000l\000\040\000w\000o\000r\000k\000b\000o\000o\000k}{section.6}% 27
\BOOKMARK [2][-]{subsection.6.3}{\376\377\000T\000h\000e\000\040\000s\000t\000a\000t\000e\000\040\000v\000e\000c\000t\000o\000r}{section.6}% 28
\BOOKMARK [2][-]{subsection.6.4}{\376\377\000S\000o\000l\000v\000e\000r\000\040\000c\000o\000n\000f\000i\000g\000u\000r\000a\000t\000i\000o\000n}{section.6}% 29
\BOOKMARK [1][-]{section.7}{\376\377\000T\000h\000e\000\040\000c\000o\000u\000p\000l\000e\000d\000\040\0000\000-\000D\0003\000-\000D\000\040\000s\000i\000m\000u\000l\000a\000t\000i\000o\000n}{}% 30
\BOOKMARK [2][-]{subsection.7.1}{\376\377\000T\000h\000e\000\040\000i\000d\000e\000a}{section.7}% 31
\BOOKMARK [2][-]{subsection.7.2}{\376\377\000T\000w\000o\000\040\000o\000p\000t\000i\000o\000n\000s\000\040\000f\000o\000r\000\040\000t\000h\000e\000\040\000s\000l\000o\000w\000\040\000s\000t\000e\000p}{section.7}% 32
\BOOKMARK [2][-]{subsection.7.3}{\376\377\000S\000t\000a\000r\000t\000i\000n\000g\000\040\000f\000r\000o\000m\000\040\000p\000r\000i\000s\000t\000i\000n\000e\000\040\000m\000a\000t\000e\000r\000i\000a\000l}{section.7}% 33
\BOOKMARK [2][-]{subsection.7.4}{\376\377\000T\000h\000e\000\040\000n\000o\000t\000e\000b\000o\000o\000k\000'\000s\000\040\000t\000h\000r\000e\000e\000\040\000c\000o\000n\000t\000r\000o\000l\000\040\000b\000l\000o\000c\000k\000s}{section.7}% 34
\BOOKMARK [2][-]{subsection.7.5}{\376\377\000M\000e\000s\000h\000i\000n\000g\000,\000\040\000a\000n\000d\000\040\000t\000h\000e\000\040\000m\000a\000t\000e\000r\000i\000a\000l\000i\000z\000e\000d\000\040\000s\000i\000m\000u\000l\000a\000t\000i\000o\000n\000\040\000d\000i\000r\000e\000c\000t\000o\000r\000y}{section.7}% 35
\BOOKMARK [2][-]{subsection.7.6}{\376\377\000F\000a\000s\000t\000-\000s\000o\000l\000v\000e\000\040\000b\000a\000c\000k\000e\000n\000d\000s}{section.7}% 36
\BOOKMARK [2][-]{subsection.7.7}{\376\377\000R\000u\000n\000n\000i\000n\000g\000\040\000t\000h\000e\000\040\000m\000a\000r\000c\000h}{section.7}% 37
\BOOKMARK [2][-]{subsection.7.8}{\376\377\000O\000u\000t\000p\000u\000t\000s}{section.7}% 38
\BOOKMARK [1][-]{section.8}{\376\377\000C\000h\000a\000n\000g\000i\000n\000g\000\040\000t\000h\000i\000n\000g\000s}{}% 39
\BOOKMARK [1][-]{section.9}{\376\377\000T\000r\000o\000u\000b\000l\000e\000s\000h\000o\000o\000t\000i\000n\000g}{}% 40
\BOOKMARK [1][-]{section.10}{\376\377\000R\000e\000p\000r\000o\000d\000u\000c\000i\000b\000i\000l\000i\000t\000y\000\040\000a\000n\000d\000\040\000p\000r\000o\000v\000e\000n\000a\000n\000c\000e}{}% 41
\BOOKMARK [1][-]{section.A}{\376\377\000A\000r\000c\000h\000i\000t\000e\000c\000t\000u\000r\000e\000\040\000r\000e\000f\000e\000r\000e\000n\000c\000e}{}% 42
\BOOKMARK [2][-]{subsection.A.1}{\376\377\000T\000h\000e\000\040\000g\000o\000v\000e\000r\000n\000i\000n\000g\000\040\000s\000p\000l\000i\000t}{section.A}% 43
\BOOKMARK [2][-]{subsection.A.2}{\376\377\000K\000e\000y\000\040\000c\000o\000m\000p\000o\000n\000e\000n\000t\000s}{section.A}% 44
\BOOKMARK [2][-]{subsection.A.3}{\376\377\000T\000h\000e\000\040\000t\000h\000r\000e\000e\000\040\000i\000n\000t\000e\000r\000f\000a\000c\000e\000s}{section.A}% 45
\BOOKMARK [2][-]{subsection.A.4}{\376\377\000U\000n\000i\000t\000\040\000s\000y\000s\000t\000e\000m\000s}{section.A}% 46
\BOOKMARK [2][-]{subsection.A.5}{\376\377\000C\000a\000l\000l\000\040\000g\000r\000a\000p\000h}{section.A}% 47
\BOOKMARK [2][-]{subsection.A.6}{\376\377\000K\000n\000o\000w\000n\000\040\000n\000o\000n\000-\000c\000o\000r\000r\000e\000s\000p\000o\000n\000d\000e\000n\000c\000e\000s\000\040\000b\000e\000t\000w\000e\000e\000n\000\040\000t\000h\000e\000\040\0000\000-\000D\000\040\000a\000n\000d\000\040\0003\000-\000D\000\040\000m\000o\000d\000e\000l\000s}{section.A}% 48
\BOOKMARK [1][-]{section.B}{\376\377\000C\000h\000a\000n\000g\000e\000s\000\040\000r\000e\000l\000a\000t\000i\000v\000e\000\040\000t\000o\000\040\000u\000p\000s\000t\000r\000e\000a\000m\000\040\000M\000o\000D\000E\000L\000i\000b}{}% 49
\BOOKMARK [1][-]{section.C}{\376\377\000Q\000u\000i\000c\000k\000\040\000r\000e\000f\000e\000r\000e\000n\000c\000e}{}% 50
