This is pdfTeX, Version 3.141592653-2.6-1.40.29 (MiKTeX 26.2) (preloaded format=pdflatex 2026.5.6)  17 AUG 2026 13:49
entering extended mode
 restricted \write18 enabled.
 %&-line parsing enabled.
**"./DisloCluster Code History.tex"
(DisloCluster Code History.tex
LaTeX2e <2025-11-01>
L3 programming layer <2026-03-20>
(C:\Users\Owner\AppData\Local\Programs\MiKTeX\tex/latex/base\article.cls
Document Class: article 2025/01/22 v1.4n Standard LaTeX document class
(C:\Users\Owner\AppData\Local\Programs\MiKTeX\tex/latex/base\size11.clo
File: size11.clo 2025/01/22 v1.4n Standard LaTeX file (size option)
)
\c@part=\count275
\c@section=\count276
\c@subsection=\count277
\c@subsubsection=\count278
\c@paragraph=\count279
\c@subparagraph=\count280
\c@figure=\count281
\c@table=\count282
\abovecaptionskip=\skip49
\belowcaptionskip=\skip50
\bibindent=\dimen150
)
(C:\Users\Owner\AppData\Local\Programs\MiKTeX\tex/latex/base\fontenc.sty
Package: fontenc 2025/07/18 v2.1d Standard LaTeX package
)
(C:\Users\Owner\AppData\Local\Programs\MiKTeX\tex/latex/base\inputenc.sty
Package: inputenc 2024/02/08 v1.3d Input encoding file
\inpenc@prehook=\toks17
\inpenc@posthook=\toks18
)
(C:\Users\Owner\AppData\Local\Programs\MiKTeX\tex/latex/lm\lmodern.sty
Package: lmodern 2015/05/01 v1.6.1 Latin Modern Fonts
LaTeX Font Info:    Overwriting symbol font `operators' in version `normal'
(Font)                  OT1/cmr/m/n --> OT1/lmr/m/n on input line 22.
LaTeX Font Info:    Overwriting symbol font `letters' in version `normal'
(Font)                  OML/cmm/m/it --> OML/lmm/m/it on input line 23.
LaTeX Font Info:    Overwriting symbol font `symbols' in version `normal'
(Font)                  OMS/cmsy/m/n --> OMS/lmsy/m/n on input line 24.
LaTeX Font Info:    Overwriting symbol font `largesymbols' in version `normal'
(Font)                  OMX/cmex/m/n --> OMX/lmex/m/n on input line 25.
LaTeX Font Info:    Overwriting symbol font `operators' in version `bold'
(Font)                  OT1/cmr/bx/n --> OT1/lmr/bx/n on input line 26.
LaTeX Font Info:    Overwriting symbol font `letters' in version `bold'
(Font)                  OML/cmm/b/it --> OML/lmm/b/it on input line 27.
LaTeX Font Info:    Overwriting symbol font `symbols' in version `bold'
(Font)                  OMS/cmsy/b/n --> OMS/lmsy/b/n on input line 28.
LaTeX Font Info:    Overwriting symbol font `largesymbols' in version `bold'
(Font)                  OMX/cmex/m/n --> OMX/lmex/m/n on input line 29.
LaTeX Font Info:    Overwriting math alphabet `\mathbf' in version `normal'
(Font)                  OT1/cmr/bx/n --> OT1/lmr/bx/n on input line 31.
LaTeX Font Info:    Overwriting math alphabet `\mathsf' in version `normal'
(Font)                  OT1/cmss/m/n --> OT1/lmss/m/n on input line 32.
LaTeX Font Info:    Overwriting math alphabet `\mathit' in version `normal'
(Font)                  OT1/cmr/m/it --> OT1/lmr/m/it on input line 33.
LaTeX Font Info:    Overwriting math alphabet `\mathtt' in version `normal'
(Font)                  OT1/cmtt/m/n --> OT1/lmtt/m/n on input line 34.
LaTeX Font Info:    Overwriting math alphabet `\mathbf' in version `bold'
(Font)                  OT1/cmr/bx/n --> OT1/lmr/bx/n on input line 35.
LaTeX Font Info:    Overwriting math alphabet `\mathsf' in version `bold'
(Font)                  OT1/cmss/bx/n --> OT1/lmss/bx/n on input line 36.
LaTeX Font Info:    Overwriting math alphabet `\mathit' in version `bold'
(Font)                  OT1/cmr/bx/it --> OT1/lmr/bx/it on input line 37.
LaTeX Font Info:    Overwriting math alphabet `\mathtt' in version `bold'
(Font)                  OT1/cmtt/m/n --> OT1/lmtt/m/n on input line 38.
)
(C:\Users\Owner\AppData\Local\Programs\MiKTeX\tex/latex/geometry\geometry.sty
Package: geometry 2026/03/07 v6.0 Page Geometry

(C:\Users\Owner\AppData\Local\Programs\MiKTeX\tex/latex/graphics\keyval.sty
Package: keyval 2022/05/29 v1.15 key=value parser (DPC)
\KV@toks@=\toks19
)
(C:\Users\Owner\AppData\Local\Programs\MiKTeX\tex/generic/iftex\ifvtex.sty
Package: ifvtex 2019/10/25 v1.7 ifvtex legacy package. Use iftex instead.

(C:\Users\Owner\AppData\Local\Programs\MiKTeX\tex/generic/iftex\iftex.sty
Package: iftex 2024/12/12 v1.0g TeX engine tests
))
\Gm@cnth=\count283
\Gm@cntv=\count284
\c@Gm@tempcnt=\count285
\Gm@bindingoffset=\dimen151
\Gm@wd@mp=\dimen152
\Gm@odd@mp=\dimen153
\Gm@even@mp=\dimen154
\Gm@layoutwidth=\dimen155
\Gm@layoutheight=\dimen156
\Gm@layouthoffset=\dimen157
\Gm@layoutvoffset=\dimen158
\Gm@dimlist=\toks20

(C:\Users\Owner\AppData\Local\Programs\MiKTeX\tex/latex/geometry\geometry.cfg))
(C:\Users\Owner\AppData\Local\Programs\MiKTeX\tex/latex/amsmath\amsmath.sty
Package: amsmath 2025/07/09 v2.17z AMS math features
\@mathmargin=\skip51

For additional information on amsmath, use the `?' option.
(C:\Users\Owner\AppData\Local\Programs\MiKTeX\tex/latex/amsmath\amstext.sty
Package: amstext 2024/11/17 v2.01 AMS text

(C:\Users\Owner\AppData\Local\Programs\MiKTeX\tex/latex/amsmath\amsgen.sty
File: amsgen.sty 1999/11/30 v2.0 generic functions
\@emptytoks=\toks21
\ex@=\dimen159
))
(C:\Users\Owner\AppData\Local\Programs\MiKTeX\tex/latex/amsmath\amsbsy.sty
Package: amsbsy 1999/11/29 v1.2d Bold Symbols
\pmbraise@=\dimen160
)
(C:\Users\Owner\AppData\Local\Programs\MiKTeX\tex/latex/amsmath\amsopn.sty
Package: amsopn 2022/04/08 v2.04 operator names
)
\inf@bad=\count286
LaTeX Info: Redefining \frac on input line 233.
\uproot@=\count287
\leftroot@=\count288
LaTeX Info: Redefining \overline on input line 398.
LaTeX Info: Redefining \colon on input line 409.
\classnum@=\count289
\DOTSCASE@=\count290
LaTeX Info: Redefining \ldots on input line 495.
LaTeX Info: Redefining \dots on input line 498.
LaTeX Info: Redefining \cdots on input line 619.
\Mathstrutbox@=\box53
\strutbox@=\box54
LaTeX Info: Redefining \big on input line 721.
LaTeX Info: Redefining \Big on input line 722.
LaTeX Info: Redefining \bigg on input line 723.
LaTeX Info: Redefining \Bigg on input line 724.
\big@size=\dimen161
LaTeX Font Info:    Redeclaring font encoding OML on input line 742.
LaTeX Font Info:    Redeclaring font encoding OMS on input line 743.
\macc@depth=\count291
LaTeX Info: Redefining \bmod on input line 904.
LaTeX Info: Redefining \pmod on input line 909.
LaTeX Info: Redefining \smash on input line 939.
LaTeX Info: Redefining \relbar on input line 969.
LaTeX Info: Redefining \Relbar on input line 970.
\c@MaxMatrixCols=\count292
\dotsspace@=\muskip17
\c@parentequation=\count293
\dspbrk@lvl=\count294
\tag@help=\toks22
\row@=\count295
\column@=\count296
\maxfields@=\count297
\andhelp@=\toks23
\eqnshift@=\dimen162
\alignsep@=\dimen163
\tagshift@=\dimen164
\tagwidth@=\dimen165
\totwidth@=\dimen166
\lineht@=\dimen167
\@envbody=\toks24
\multlinegap=\skip52
\multlinetaggap=\skip53
\mathdisplay@stack=\toks25
LaTeX Info: Redefining \[ on input line 2950.
LaTeX Info: Redefining \] on input line 2951.
)
(C:\Users\Owner\AppData\Local\Programs\MiKTeX\tex/latex/amsfonts\amssymb.sty
Package: amssymb 2013/01/14 v3.01 AMS font symbols

(C:\Users\Owner\AppData\Local\Programs\MiKTeX\tex/latex/amsfonts\amsfonts.sty
Package: amsfonts 2013/01/14 v3.01 Basic AMSFonts support
\symAMSa=\mathgroup4
\symAMSb=\mathgroup5
LaTeX Font Info:    Redeclaring math symbol \hbar on input line 98.
LaTeX Font Info:    Overwriting math alphabet `\mathfrak' in version `bold'
(Font)                  U/euf/m/n --> U/euf/b/n on input line 106.
)) (C:\Users\Owner\AppData\Local\Programs\MiKTeX\tex/latex/booktabs\booktabs.st
y
Package: booktabs 2020/01/12 v1.61803398 Publication quality tables
\heavyrulewidth=\dimen168
\lightrulewidth=\dimen169
\cmidrulewidth=\dimen170
\belowrulesep=\dimen171
\belowbottomsep=\dimen172
\aboverulesep=\dimen173
\abovetopsep=\dimen174
\cmidrulesep=\dimen175
\cmidrulekern=\dimen176
\defaultaddspace=\dimen177
\@cmidla=\count298
\@cmidlb=\count299
\@aboverulesep=\dimen178
\@belowrulesep=\dimen179
\@thisruleclass=\count300
\@lastruleclass=\count301
\@thisrulewidth=\dimen180
) (C:\Users\Owner\AppData\Local\Programs\MiKTeX\tex/latex/tools\array.sty
Package: array 2025/09/25 v2.6n Tabular extension package (FMi)
\col@sep=\dimen181
\ar@mcellbox=\box55
\extrarowheight=\dimen182
\NC@list=\toks26
\extratabsurround=\skip54
\backup@length=\skip55
\ar@cellbox=\box56
)
(C:\Users\Owner\AppData\Local\Programs\MiKTeX\tex/latex/tools\longtable.sty
Package: longtable 2025-10-13 v4.24 Multi-page Table package (DPC)
\LTleft=\skip56
\LTright=\skip57
\LTpre=\skip58
\LTpost=\skip59
\LTchunksize=\count302
\LTcapwidth=\dimen183
\LT@head=\box57
\LT@firsthead=\box58
\LT@foot=\box59
\LT@lastfoot=\box60
\LT@gbox=\box61
\LT@cols=\count303
\LT@rows=\count304
\c@LT@tables=\count305
\c@LT@chunks=\count306
\LT@p@ftn=\toks27
)
(C:\Users\Owner\AppData\Local\Programs\MiKTeX\tex/latex/xcolor\xcolor.sty
Package: xcolor 2024/09/29 v3.02 LaTeX color extensions (UK)

(C:\Users\Owner\AppData\Local\Programs\MiKTeX\tex/latex/graphics-cfg\color.cfg
File: color.cfg 2016/01/02 v1.6 sample color configuration
)
Package xcolor Info: Driver file: pdftex.def on input line 274.

(C:\Users\Owner\AppData\Local\Programs\MiKTeX\tex/latex/graphics-def\pdftex.def
File: pdftex.def 2025/09/29 v1.2d Graphics/color driver for pdftex
)
(C:\Users\Owner\AppData\Local\Programs\MiKTeX\tex/latex/graphics\mathcolor.ltx)
Package xcolor Info: Model `cmy' substituted by `cmy0' on input line 1349.
Package xcolor Info: Model `hsb' substituted by `rgb' on input line 1353.
Package xcolor Info: Model `RGB' extended on input line 1365.
Package xcolor Info: Model `HTML' substituted by `rgb' on input line 1367.
Package xcolor Info: Model `Hsb' substituted by `hsb' on input line 1368.
Package xcolor Info: Model `tHsb' substituted by `hsb' on input line 1369.
Package xcolor Info: Model `HSB' substituted by `hsb' on input line 1370.
Package xcolor Info: Model `Gray' substituted by `gray' on input line 1371.
Package xcolor Info: Model `wave' substituted by `hsb' on input line 1372.
) (C:\Users\Owner\AppData\Local\Programs\MiKTeX\tex/latex/hyperref\hyperref.sty
Package: hyperref 2026-04-24 v7.01q Hypertext links for LaTeX

(C:\Users\Owner\AppData\Local\Programs\MiKTeX\tex/latex/kvsetkeys\kvsetkeys.sty
Package: kvsetkeys 2022-10-05 v1.19 Key value parser (HO)
)
(C:\Users\Owner\AppData\Local\Programs\MiKTeX\tex/generic/kvdefinekeys\kvdefine
keys.sty
Package: kvdefinekeys 2019-12-19 v1.6 Define keys (HO)
)
(C:\Users\Owner\AppData\Local\Programs\MiKTeX\tex/generic/pdfescape\pdfescape.s
ty
Package: pdfescape 2019/12/09 v1.15 Implements pdfTeX's escape features (HO)

(C:\Users\Owner\AppData\Local\Programs\MiKTeX\tex/generic/ltxcmds\ltxcmds.sty
Package: ltxcmds 2023-12-04 v1.26 LaTeX kernel commands for general use (HO)
)
(C:\Users\Owner\AppData\Local\Programs\MiKTeX\tex/generic/pdftexcmds\pdftexcmds
.sty
Package: pdftexcmds 2020-06-27 v0.33 Utility functions of pdfTeX for LuaTeX (HO
)

(C:\Users\Owner\AppData\Local\Programs\MiKTeX\tex/generic/infwarerr\infwarerr.s
ty
Package: infwarerr 2019/12/03 v1.5 Providing info/warning/error messages (HO)
)
Package pdftexcmds Info: \pdf@primitive is available.
Package pdftexcmds Info: \pdf@ifprimitive is available.
Package pdftexcmds Info: \pdfdraftmode found.
))
(C:\Users\Owner\AppData\Local\Programs\MiKTeX\tex/latex/hycolor\hycolor.sty
Package: hycolor 2020-01-27 v1.10 Color options for hyperref/bookmark (HO)
)
(C:\Users\Owner\AppData\Local\Programs\MiKTeX\tex/latex/hyperref\nameref.sty
Package: nameref 2026-01-29 v2.58 Cross-referencing by name of section

(C:\Users\Owner\AppData\Local\Programs\MiKTeX\tex/latex/refcount\refcount.sty
Package: refcount 2019/12/15 v3.6 Data extraction from label references (HO)
)
(C:\Users\Owner\AppData\Local\Programs\MiKTeX\tex/generic/gettitlestring\gettit
lestring.sty
Package: gettitlestring 2019/12/15 v1.6 Cleanup title references (HO)

(C:\Users\Owner\AppData\Local\Programs\MiKTeX\tex/latex/kvoptions\kvoptions.sty
Package: kvoptions 2022-06-15 v3.15 Key value format for package options (HO)
))
\c@section@level=\count307
)
(C:\Users\Owner\AppData\Local\Programs\MiKTeX\tex/latex/etoolbox\etoolbox.sty
Package: etoolbox 2025/10/02 v2.5m e-TeX tools for LaTeX (JAW)
\etb@tempcnta=\count308
)
(C:\Users\Owner\AppData\Local\Programs\MiKTeX\tex/generic/stringenc\stringenc.s
ty
Package: stringenc 2019/11/29 v1.12 Convert strings between diff. encodings (HO
)
)
\@linkdim=\dimen184
\Hy@linkcounter=\count309
\Hy@pagecounter=\count310
 (C:\Users\Owner\AppData\Local\Programs\MiKTeX\tex/latex/hyperref\pd1enc.def
File: pd1enc.def 2026-04-24 v7.01q Hyperref: PDFDocEncoding definition (HO)
Now handling font encoding PD1 ...
... no UTF-8 mapping file for font encoding PD1
) (C:\Users\Owner\AppData\Local\Programs\MiKTeX\tex/generic/intcalc\intcalc.sty
Package: intcalc 2019/12/15 v1.3 Expandable calculations with integers (HO)
)
\Hy@SavedSpaceFactor=\count311
 (C:\Users\Owner\AppData\Local\Programs\MiKTeX\tex/latex/hyperref\puenc.def
File: puenc.def 2026-04-24 v7.01q Hyperref: PDF Unicode definition (HO)
Now handling font encoding PU ...
... no UTF-8 mapping file for font encoding PU
)
Package hyperref Info: Option `colorlinks' set `true' on input line 4070.
Package hyperref Info: Hyper figures OFF on input line 4199.
Package hyperref Info: Link nesting OFF on input line 4204.
Package hyperref Info: Hyper index ON on input line 4207.
Package hyperref Info: Plain pages OFF on input line 4214.
Package hyperref Info: Backreferencing OFF on input line 4219.
Package hyperref Info: Implicit mode ON; LaTeX internals redefined.
Package hyperref Info: Bookmarks ON on input line 4466.
\c@Hy@tempcnt=\count312

(C:\Users\Owner\AppData\Local\Programs\MiKTeX\tex/latex/url\url.sty
\Urlmuskip=\muskip18
Package: url 2013/09/16  ver 3.4  Verb mode for urls, etc.
)
LaTeX Info: Redefining \url on input line 4805.
\XeTeXLinkMargin=\dimen185

(C:\Users\Owner\AppData\Local\Programs\MiKTeX\tex/generic/bitset\bitset.sty
Package: bitset 2019/12/09 v1.3 Handle bit-vector datatype (HO)

(C:\Users\Owner\AppData\Local\Programs\MiKTeX\tex/generic/bigintcalc\bigintcalc
.sty
Package: bigintcalc 2019/12/15 v1.5 Expandable calculations on big integers (HO
)
))
\Fld@menulength=\count313
\Field@Width=\dimen186
\Fld@charsize=\dimen187
Package hyperref Info: Hyper figures OFF on input line 6091.
Package hyperref Info: Link nesting OFF on input line 6096.
Package hyperref Info: Hyper index ON on input line 6099.
Package hyperref Info: backreferencing OFF on input line 6106.
Package hyperref Info: Link coloring ON on input line 6109.
Package hyperref Info: Link coloring with OCG OFF on input line 6116.
Package hyperref Info: PDF/A mode OFF on input line 6121.
\Hy@abspage=\count314
\c@Item=\count315
\c@Hfootnote=\count316
)
Package hyperref Info: Driver (autodetected): hpdftex.

(C:\Users\Owner\AppData\Local\Programs\MiKTeX\tex/latex/hyperref\hpdftex.def
File: hpdftex.def 2026-04-24 v7.01q Hyperref driver for pdfTeX
\Fld@listcount=\count317
\c@bookmark@seq@number=\count318

(C:\Users\Owner\AppData\Local\Programs\MiKTeX\tex/latex/rerunfilecheck\rerunfil
echeck.sty
Package: rerunfilecheck 2025-06-21 v1.11 Rerun checks for auxiliary files (HO)

(C:\Users\Owner\AppData\Local\Programs\MiKTeX\tex/generic/uniquecounter\uniquec
ounter.sty
Package: uniquecounter 2019/12/15 v1.4 Provide unlimited unique counter (HO)
)
Package uniquecounter Info: New unique counter `rerunfilecheck' on input line 2
84.
)
\Hy@SectionHShift=\skip60
)
\c@chg=\count319
LaTeX Font Info:    Trying to load font information for T1+lmr on input line 64
.

(C:\Users\Owner\AppData\Local\Programs\MiKTeX\tex/latex/lm\t1lmr.fd
File: t1lmr.fd 2015/05/01 v1.6.1 Font defs for Latin Modern
)
(C:\Users\Owner\AppData\Local\Programs\MiKTeX\tex/latex/l3backend\l3backend-pdf
tex.def
File: l3backend-pdftex.def 2026-02-18 L3 backend support: PDF output (pdfTeX)
\l__color_backend_stack_int=\count320
) (DisloCluster Code History.aux)
\openout1 = `"DisloCluster Code History.aux"'.

LaTeX Font Info:    Checking defaults for OML/cmm/m/it on input line 64.
LaTeX Font Info:    ... okay on input line 64.
LaTeX Font Info:    Checking defaults for OMS/cmsy/m/n on input line 64.
LaTeX Font Info:    ... okay on input line 64.
LaTeX Font Info:    Checking defaults for OT1/cmr/m/n on input line 64.
LaTeX Font Info:    ... okay on input line 64.
LaTeX Font Info:    Checking defaults for T1/cmr/m/n on input line 64.
LaTeX Font Info:    ... okay on input line 64.
LaTeX Font Info:    Checking defaults for TS1/cmr/m/n on input line 64.
LaTeX Font Info:    ... okay on input line 64.
LaTeX Font Info:    Checking defaults for OMX/cmex/m/n on input line 64.
LaTeX Font Info:    ... okay on input line 64.
LaTeX Font Info:    Checking defaults for U/cmr/m/n on input line 64.
LaTeX Font Info:    ... okay on input line 64.
LaTeX Font Info:    Checking defaults for PD1/pdf/m/n on input line 64.
LaTeX Font Info:    ... okay on input line 64.
LaTeX Font Info:    Checking defaults for PU/pdf/m/n on input line 64.
LaTeX Font Info:    ... okay on input line 64.

*geometry* driver: auto-detecting
*geometry* detected driver: pdftex
*geometry* verbose mode - [ preamble ] result:
* driver: pdftex
* paper: a4paper
* layout: <same size as paper>
* layoutoffset:(h,v)=(0.0pt,0.0pt)
* modes: 
* h-part:(L,W,R)=(65.44142pt, 466.62503pt, 65.44142pt)
* v-part:(T,H,B)=(65.44142pt, 714.164pt, 65.44142pt)
* \paperwidth=597.50787pt
* \paperheight=845.04684pt
* \textwidth=466.62503pt
* \textheight=714.164pt
* \oddsidemargin=-6.82857pt
* \evensidemargin=-6.82857pt
* \topmargin=-43.82857pt
* \headheight=12.0pt
* \headsep=25.0pt
* \topskip=11.0pt
* \footskip=30.0pt
* \marginparwidth=50.0pt
* \marginparsep=10.0pt
* \columnsep=10.0pt
* \skip\footins=10.0pt plus 4.0pt minus 2.0pt
* \hoffset=0.0pt
* \voffset=0.0pt
* \mag=1000
* \@twocolumnfalse
* \@twosidefalse
* \@mparswitchfalse
* \@reversemarginfalse
* (1in=72.27pt=25.4mm, 1cm=28.453pt)


(C:\Users\Owner\AppData\Local\Programs\MiKTeX\tex/context/base/mkii\supp-pdf.mk
ii
[Loading MPS to PDF converter (version 2006.09.02).]
\scratchcounter=\count321
\scratchdimen=\dimen188
\scratchbox=\box62
\nofMPsegments=\count322
\nofMParguments=\count323
\everyMPshowfont=\toks28
\MPscratchCnt=\count324
\MPscratchDim=\dimen189
\MPnumerator=\count325
\makeMPintoPDFobject=\count326
\everyMPtoPDFconversion=\toks29
)
Package hyperref Info: Link coloring ON on input line 64.
 (DisloCluster Code History.out) (DisloCluster Code History.out)
\@outlinefile=\write3
\openout3 = `"DisloCluster Code History.out"'.

LaTeX Font Info:    Trying to load font information for OT1+lmr on input line 6
9.

(C:\Users\Owner\AppData\Local\Programs\MiKTeX\tex/latex/lm\ot1lmr.fd
File: ot1lmr.fd 2015/05/01 v1.6.1 Font defs for Latin Modern
)
LaTeX Font Info:    Trying to load font information for OML+lmm on input line 6
9.

(C:\Users\Owner\AppData\Local\Programs\MiKTeX\tex/latex/lm\omllmm.fd
File: omllmm.fd 2015/05/01 v1.6.1 Font defs for Latin Modern
)
LaTeX Font Info:    Trying to load font information for OMS+lmsy on input line 
69.

(C:\Users\Owner\AppData\Local\Programs\MiKTeX\tex/latex/lm\omslmsy.fd
File: omslmsy.fd 2015/05/01 v1.6.1 Font defs for Latin Modern
)
LaTeX Font Info:    Trying to load font information for OMX+lmex on input line 
69.

(C:\Users\Owner\AppData\Local\Programs\MiKTeX\tex/latex/lm\omxlmex.fd
File: omxlmex.fd 2015/05/01 v1.6.1 Font defs for Latin Modern
)
LaTeX Font Info:    External font `lmex10' loaded for size
(Font)              <12> on input line 69.
LaTeX Font Info:    External font `lmex10' loaded for size
(Font)              <8> on input line 69.
LaTeX Font Info:    External font `lmex10' loaded for size
(Font)              <6> on input line 69.
LaTeX Font Info:    Trying to load font information for U+msa on input line 69.


(C:\Users\Owner\AppData\Local\Programs\MiKTeX\tex/latex/amsfonts\umsa.fd
File: umsa.fd 2013/01/14 v3.01 AMS symbols A
)
LaTeX Font Info:    Trying to load font information for U+msb on input line 69.


(C:\Users\Owner\AppData\Local\Programs\MiKTeX\tex/latex/amsfonts\umsb.fd
File: umsb.fd 2013/01/14 v3.01 AMS symbols B
)
LaTeX Font Info:    Trying to load font information for T1+lmtt on input line 7
3.

(C:\Users\Owner\AppData\Local\Programs\MiKTeX\tex/latex/lm\t1lmtt.fd
File: t1lmtt.fd 2015/05/01 v1.6.1 Font defs for Latin Modern
)
(DisloCluster Code History.toc [1

{C:/Users/Owner/AppData/Local/MiKTeX/fonts/map/pdftex/pdftex.map}{C:/Users/Owne
r/AppData/Local/Programs/MiKTeX/fonts/enc/dvips/lm/lm-ec.enc}])
\tf@toc=\write4
\openout4 = `"DisloCluster Code History.toc"'.

 [2]
LaTeX Font Info:    Font shape `T1/lmtt/bx/n' in size <10.95> not available
(Font)              Font shape `T1/lmtt/b/n' tried instead on input line 107.
LaTeX Font Info:    Font shape `T1/lmtt/bx/n' in size <10> not available
(Font)              Font shape `T1/lmtt/b/n' tried instead on input line 107.
LaTeX Font Info:    External font `lmex10' loaded for size
(Font)              <10.95> on input line 140.

Underfull \hbox (badness 4378) in paragraph at lines 137--147
 []\T1/lmr/bx/n/10.95 A note on \T1/lmtt/b/n/10 mlm335/MoDELib-fullCD\T1/lmr/bx
/n/10.95 , and on an ear-lier er-ror in these doc-u-
 []

[3{C:/Users/Owner/AppData/Local/Programs/MiKTeX/fonts/enc/dvips/lm/lm-mathsy.en
c}] [4{C:/Users/Owner/AppData/Local/Programs/MiKTeX/fonts/enc/dvips/lm/lm-rm.en
c}{C:/Users/Owner/AppData/Local/Programs/MiKTeX/fonts/enc/dvips/lm/lm-mathit.en
c}] [5] [6{C:/Users/Owner/AppData/Local/Programs/MiKTeX/fonts/enc/dvips/lm/lm-m
athex.enc}] [7] [8] [9]
Underfull \hbox (badness 4582) in paragraph at lines 611--625
[]\T1/lmr/m/n/10.95 An op-tional ma-te-rial key, de-fault $\OT1/lmr/m/n/10.95 (
1\OML/lmm/m/it/10.95 ; \OT1/lmr/m/n/10.95 1\OML/lmm/m/it/10.95 ; \OT1/lmr/m/n/1
0.95 1\OML/lmm/m/it/10.95 ; \OT1/lmr/m/n/10.95 1)$\T1/lmr/m/n/10.95 , mul-ti-pl
y-ing the loop sink strength:
 []


Underfull \hbox (badness 3333) in paragraph at lines 632--632
\T1/lmr/m/n/10.95 in \T1/lmtt/m/n/10 solveImmobileClusters() \T1/lmr/m/n/10.95 
(the growth flux it causes) --- mir-ror-ing the 0-D, where
 []

[10] [11]
Underfull \hbox (badness 1331) in paragraph at lines 758--787
[]\T1/lmr/m/n/10.95 Five op-tional \T1/lmtt/m/n/10 DD.txt \T1/lmr/m/n/10.95 sca
lars were added to the mo-bile fixed-point loop, all de-fault-
 []


Underfull \hbox (badness 1953) in paragraph at lines 758--787
\T1/lmr/m/n/10.95 ing to the his-tor-i-cal be-hav-ior ex-cept the it-er-a-tion 
cap: \T1/lmtt/m/n/10 mobileSolverTolerance \T1/lmr/m/n/10.95 ($\OT1/lmr/m/n/10.
95 10[]$\T1/lmr/m/n/10.95 ),
 []

LaTeX Font Info:    External font `lmex10' loaded for size
(Font)              <10> on input line 822.
LaTeX Font Info:    External font `lmex10' loaded for size
(Font)              <7> on input line 822.
LaTeX Font Info:    External font `lmex10' loaded for size
(Font)              <5> on input line 822.
[12]
Underfull \hbox (badness 10000) in paragraph at lines 871--872
[]|\T1/lmr/m/n/10 ZrMicro \T1/lmtt/m/n/10 physical_props
 []


Underfull \hbox (badness 10000) in paragraph at lines 872--872
[]|\T1/lmtt/m/n/10 mobileSpecies
 []


Underfull \hbox (badness 10000) in paragraph at lines 873--873
[]|\T1/lmtt/m/n/10 mobileSpecies
 []


Underfull \hbox (badness 10000) in paragraph at lines 873--873
[]|\T1/lmtt/m/n/10 1.0 0.6
 []


Underfull \hbox (badness 10000) in paragraph at lines 873--873
\T1/lmtt/m/n/10 0.3212
 []


Underfull \hbox (badness 10000) in paragraph at lines 873--873
[]|\T1/lmtt/m/n/10 0.995 0.97788714
 []


Underfull \hbox (badness 10000) in paragraph at lines 874--874
[]|\T1/lmtt/m/n/10 mobileSpecies
 []


Underfull \hbox (badness 10000) in paragraph at lines 875--875
[]|\T1/lmtt/m/n/10 mobileSpecies
 []


Underfull \hbox (badness 10000) in paragraph at lines 875--875
[]|\T1/lmtt/m/n/10 0.9 / 0.09
 []

LaTeX Font Info:    Trying to load font information for TS1+lmtt on input line 
875.
(C:\Users\Owner\AppData\Local\Programs\MiKTeX\tex/latex/lm\ts1lmtt.fd
File: ts1lmtt.fd 2015/05/01 v1.6.1 Font defs for Latin Modern
)
Underfull \hbox (badness 10000) in paragraph at lines 875--875
[]|\T1/lmtt/m/n/10 1.2 / 0.759101
 []


Underfull \hbox (badness 1590) in paragraph at lines 875--876
[]|\T1/lmr/m/n/10 0-D $\OML/lmm/m/it/10 E[]$\T1/lmr/m/n/10 , $\OML/lmm/m/it/10 
E[]$\T1/lmr/m/n/10 ; clus-ters at the
 []


Underfull \hbox (badness 10000) in paragraph at lines 876--876
[]|\T1/lmtt/m/n/10 4.9639e-10\T1/lmr/m/n/10 ,
 []


Underfull \hbox (badness 10000) in paragraph at lines 876--876
[]|\T1/lmtt/m/n/10 5.21645e-7 \T1/lmr/m/n/10 all,
 []


Underfull \hbox (badness 10000) in paragraph at lines 877--877
[]|\T1/lmtt/m/n/10 2.856\T1/lmr/m/n/10 , \T1/lmtt/m/n/10 1.0\T1/lmr/m/n/10 ,
 []


Underfull \hbox (badness 10000) in paragraph at lines 878--878
[]|\T1/lmtt/m/n/10 5.0 5.0 5.0
 []


Underfull \hbox (badness 10000) in paragraph at lines 878--878
[]|\T1/lmtt/m/n/10 5.0 5.0 0.957033
 []


Underfull \hbox (badness 10000) in paragraph at lines 879--879
[]|\T1/lmtt/m/n/10 1.88e14\T1/lmr/m/n/10 ,
 []

[13]
Underfull \hbox (badness 10000) in paragraph at lines 899--899
\T1/lmr/bx/it/10.95 Code. \T1/lmr/m/n/10.95 A new Ÿ2.2 block adds \T1/lmtt/m/n/
10 immobileSpeciesVector\T1/lmr/m/n/10.95 , \T1/lmtt/m/n/10 immobileSpeciesRelR
elaxVol\T1/lmr/m/n/10.95 ,
 []


Underfull \hbox (badness 1584) in paragraph at lines 899--899
\T1/lmtt/m/n/10 immobileSpeciesBurgers\T1/lmr/m/n/10.95 , \T1/lmtt/m/n/10 alpha
_bp\T1/lmr/m/n/10.95 , \T1/lmtt/m/n/10 delVPyramid\T1/lmr/m/n/10.95 , \T1/lmtt/
m/n/10 w0\T1/lmr/m/n/10.95 , \T1/lmtt/m/n/10 n_s\T1/lmr/m/n/10.95 , \T1/lmtt/m/
n/10 evc\T1/lmr/m/n/10.95 , \T1/lmtt/m/n/10 Nvmax\T1/lmr/m/n/10.95 , \T1/lmtt/m
/n/10 nmin\T1/lmr/m/n/10.95 , \T1/lmtt/m/n/10 nmax\T1/lmr/m/n/10.95 , \T1/lmtt/
m/n/10 r_min\T1/lmr/m/n/10.95 ,
 []


Underfull \hbox (badness 3000) in paragraph at lines 899--899
\T1/lmtt/m/n/10 distanceFactor\T1/lmr/m/n/10.95 , \T1/lmtt/m/n/10 loopCascadeFr
actions\T1/lmr/m/n/10.95 , \T1/lmtt/m/n/10 nNuc\T1/lmr/m/n/10.95 , \T1/lmtt/m/n
/10 cLL\T1/lmr/m/n/10.95 , \T1/lmtt/m/n/10 cLN\T1/lmr/m/n/10.95 , \T1/lmtt/m/n/
10 kappaLL\T1/lmr/m/n/10.95 , \T1/lmtt/m/n/10 kappaLN\T1/lmr/m/n/10.95 , \T1/lm
tt/m/n/10 tau0_vLoop_SI\T1/lmr/m/n/10.95 ,
 []


Underfull \hbox (badness 1062) in paragraph at lines 899--899
[]\T1/lmr/m/n/10.95 The migration-energy row or-der mat-ters and is easy to get
 wrong: com-po-nents are
 []


Underfull \hbox (badness 10000) in paragraph at lines 909--915
[]\T1/lmr/m/n/10.95 A cluster-dynamics-only ver-i-fi-ca-tion case: \T1/lmtt/m/n
/10 useFEM=1\T1/lmr/m/n/10.95 , \T1/lmtt/m/n/10 useDislocations=0\T1/lmr/m/n/10
.95 ,
 []

[14{C:/Users/Owner/AppData/Local/Programs/MiKTeX/fonts/enc/dvips/lm/lm-ts1.enc}
]
Underfull \hbox (badness 10000) in paragraph at lines 988--988
\T1/lmr/bx/it/10.95 Code. \T1/lmtt/m/n/10 coupling/march.py \T1/lmr/m/n/10.95 a
l-ter-nates \T1/lmtt/m/n/10 qssa.MobileQSSASolver.solve \T1/lmr/m/n/10.95 (DDom
p with
 []

[15]
Underfull \hbox (badness 4229) in paragraph at lines 999--1012
[]\T1/lmr/m/n/10.95 The slow step in-te-grates the im-mo-bile ODEs in-de-pen-de
ntly at ev-ery node with
 []

[16]
Underfull \hbox (badness 10000) in paragraph at lines 1098--1100
[]\T1/lmtt/m/n/10 periodic_face_ids \T1/lmr/m/n/10.95 goes into \T1/lmtt/m/n/10
 polycrystal.txt\T1/lmr/m/n/10.95 ; the ap-plied load goes into
 []


Underfull \hbox (badness 3568) in paragraph at lines 1120--1120
\T1/lmr/bx/it/10.95 Code. \T1/lmtt/m/n/10 ZrMicro/py_utils/ \T1/lmr/m/n/10.95 r
e-mains as a com-pat-i-bil-ity shim: each old mod-ule aliases
 []


Underfull \hbox (badness 2197) in paragraph at lines 1124--1124
\T1/lmr/bx/it/10.95 Cost. \T1/lmr/m/n/10.95 None. \T1/lmtt/m/n/10 paths.describ
e() \T1/lmr/m/n/10.95 now pro-duces an OK/MISS re-port per lo-ca-tion, and
 []


Underfull \hbox (badness 10000) in paragraph at lines 1166--1166
\T1/lmr/bx/it/10.95 Code. \T1/lmr/m/n/10.95 Changed in \T1/lmr/bx/n/10.95 four 
\T1/lmr/m/n/10.95 places, which must stay equal:
 []


Underfull \hbox (badness 10000) in paragraph at lines 1166--1166
\T1/lmtt/m/n/10 Simulations/input/Zr_input_parameters.xlsx \T1/lmr/m/n/10.95 (\
T1/lmtt/m/n/10 Physical_Properties!D5\T1/lmr/m/n/10.95 ); \T1/lmtt/m/n/10 ZrMic
ro/input/
 []


Underfull \hbox (badness 3407) in paragraph at lines 1166--1166
\T1/lmr/m/n/10.95 --- the same cell, copied byte for byte so that \T1/lmtt/m/n/
10 paths.workbook_drift() \T1/lmr/m/n/10.95 stays clean;
 []


Underfull \hbox (badness 4291) in paragraph at lines 1166--1166
\T1/lmtt/m/n/10 MoDELib3/Library/Materials/Zr3d_ghoniem.txt \T1/lmr/m/n/10.95 (
\T1/lmtt/m/n/10 atomicVolume_SI\T1/lmr/m/n/10.95 ); and \T1/lmtt/m/n/10 zerod/i
nput_data.py\T1/lmr/m/n/10.95 ,
 []


Underfull \hbox (badness 2469) in paragraph at lines 1166--1166
\T1/lmr/m/n/10.95 whose fall-back de-fault read $\OT1/lmr/m/n/10.95 1\OML/lmm/m
/it/10.95 :\OT1/lmr/m/n/10.95 4 \OMS/lmsy/m/n/10.95 ^^B \OT1/lmr/m/n/10.95 10[]
$ \T1/lmr/m/n/10.95 --- a \T1/lmr/m/it/10.95 third \T1/lmr/m/n/10.95 num-ber fo
r one lat-tice con-stant.
 []

[17] [18] [19] [20]
Underfull \hbox (badness 10000) in paragraph at lines 1382--1382
\T1/lmr/bx/it/10.95 Code. \T1/lmtt/m/n/10 staging.inputs.elastic_is_trivial(sim
_dir) \T1/lmr/m/n/10.95 re-turns \T1/lmtt/m/n/10 (trivial, reason)\T1/lmr/m/n/1
0.95 , and
 []

[21]
Underfull \hbox (badness 3229) in paragraph at lines 1400--1400
\T1/lmr/bx/it/10.95 Code. \T1/lmtt/m/n/10 rMap \T1/lmr/m/n/10.95 added to \T1/l
mtt/m/n/10 FixedDirichletSolver.h\T1/lmr/m/n/10.95 , along with a new \T1/lmtt/
m/n/10 computeFromTriplets
 []

[22]
Underfull \hbox (badness 10000) in paragraph at lines 1514--1514
[]|\T1/lmtt/m/n/10 clang: error: unsupported
 []


Underfull \hbox (badness 10000) in paragraph at lines 1514--1514
[]|\T1/lmr/m/n/10 the flag was hard-coded; Ap-ple clang needs
 []


Underfull \hbox (badness 10000) in paragraph at lines 1514--1514
\T1/lmtt/m/n/10 -Xpreprocessor -fopenmp \T1/lmr/m/n/10 and Home-brew's li-
 []


Underfull \hbox (badness 10000) in paragraph at lines 1514--1514
[]|\T1/lmtt/m/n/10 use of undeclared identifier
 []


Underfull \hbox (badness 10000) in paragraph at lines 1514--1514
[]|\T1/lmtt/m/n/10 must explicitly initialize the
 []


Underfull \hbox (badness 10000) in paragraph at lines 1514--1514
[]|\T1/lmtt/m/n/10 no viable conversion from
 []


Underfull \hbox (badness 10000) in paragraph at lines 1514--1514
\T1/lmr/m/n/10.95 Every de-pen-dency is now searched for, ev-ery op-ti-miza-tio
n flag probed with
 []

[23]
LaTeX Font Info:    Trying to load font information for TS1+lmr on input line 1
604.
 (C:\Users\Owner\AppData\Local\Programs\MiKTeX\tex/latex/lm\ts1lmr.fd
File: ts1lmr.fd 2015/05/01 v1.6.1 Font defs for Latin Modern
)
[24]
Underfull \hbox (badness 4181) in paragraph at lines 1640--1640
[]\T1/lmr/m/n/10.95 It is taken on the \T1/lmr/m/it/10.95 CD block\T1/lmr/m/n/1
0.95 , not on the 19-column state it is built from.
 []

[25]
Underfull \hbox (badness 1024) in paragraph at lines 1688--1690
[]\T1/lmr/m/n/10.95 Both growth con-di-tions re-duce to bounds on one num-ber, 
the ar-rival ra-tio $\OML/lmm/m/it/10.95 A=B \OT1/lmr/m/n/10.95 =
 []


Underfull \hbox (badness 1389) in paragraph at lines 1706--1706
\T1/lmr/bx/it/10.95 Code. \T1/lmr/m/n/10.95 Con-firmed 16/16 on a two-grid swee
p. The mea-sured co-growth set is $\OML/lmm/m/it/10.95 p[] \OT1/lmr/m/n/10.95 =

 []


Underfull \hbox (badness 10000) in paragraph at lines 1744--1744
\T1/lmr/bx/it/10.95 Code. \T1/lmr/m/n/10.95 Three leaks were found by the ledge
r rather than by in-spec-tion.
 []

[26] [27]
Underfull \hbox (badness 1490) in paragraph at lines 1811--1811
\T1/lmr/bx/it/10.95 Why. \T1/lmr/m/n/10.95 They were de-clared on the dat-a-cla
ss and ac-cepted by \T1/lmtt/m/n/10 _take\T1/lmr/m/n/10.95 , then dropped, so
 []


Underfull \hbox (badness 1122) in paragraph at lines 1852--1852
\T1/lmr/bx/it/10.95 Why. \T1/lmr/m/n/10.95 The $\OMS/lmsy/m/n/10.95 h\OML/lmm/m
/it/10.95 c\OMS/lmsy/m/n/10.95 i$ \T1/lmr/m/n/10.95 Burg-ers vec-tor de-rives f
rom the lat-tice ba-sis and from nowhere else ---
 []

[28]
Underfull \hbox (badness 1776) in paragraph at lines 1924--1931
\T1/lmr/m/n/10.95 gu-ments, tak-ing the ap-plied load from the work-book, where
 \T1/lmtt/m/n/10 sigma_n \T1/lmr/m/n/10.95 stands at $\OT1/lmr/m/n/10.95 1\OML/
lmm/m/it/10.95 :\OT1/lmr/m/n/10.95 0 \OMS/lmsy/m/n/10.95 ^^B
 []


Underfull \hbox (badness 2600) in paragraph at lines 1924--1931
\OT1/lmr/m/n/10.95 10[]$ \T1/lmr/m/n/10.95 Pa. New \T1/lmtt/m/n/10 config.sim_f
or_run(run_dir) \T1/lmr/m/n/10.95 re-con-structs the model through the same
 []

[29] [30] [31]
Underfull \hbox (badness 10000) in paragraph at lines 2115--2116
[]|\T1/lmr/m/n/10.95 unconditional sta-bil-ity (was
 []

[32] (DisloCluster Code History.aux)
 ***********
LaTeX2e <2025-11-01>
L3 programming layer <2026-03-20>
 ***********
Package rerunfilecheck Info: File `"DisloCluster Code History".out' has not cha
nged.
(rerunfilecheck)             Checksum: 18F86EFD7C97C4CBDCFAC4A0D7B7058E;4435.
 ) 
Here is how much of TeX's memory you used:
 11318 strings out of 467691
 172396 string characters out of 5414988
 606431 words of memory out of 5000000
 40060 multiletter control sequences out of 15000+600000
 743652 words of font info for 120 fonts, out of 8000000 for 9000
 1141 hyphenation exceptions out of 8191
 75i,11n,79p,420b,569s stack positions out of 10000i,1000n,20000p,200000b,200000s
<C:/Users/Owner/AppData/Local/Programs/MiKTeX/fonts/type1/public/lm/lmbsy10.p
fb><C:/Users/Owner/AppData/Local/Programs/MiKTeX/fonts/type1/public/lm/lmbx10.p
fb><C:/Users/Owner/AppData/Local/Programs/MiKTeX/fonts/type1/public/lm/lmbx12.p
fb><C:/Users/Owner/AppData/Local/Programs/MiKTeX/fonts/type1/public/lm/lmbx7.pf
b><C:/Users/Owner/AppData/Local/Programs/MiKTeX/fonts/type1/public/lm/lmbx8.pfb
><C:/Users/Owner/AppData/Local/Programs/MiKTeX/fonts/type1/public/lm/lmbxi10.pf
b><C:/Users/Owner/AppData/Local/Programs/MiKTeX/fonts/type1/public/lm/lmex10.pf
b><C:/Users/Owner/AppData/Local/Programs/MiKTeX/fonts/type1/public/lm/lmmi10.pf
b><C:/Users/Owner/AppData/Local/Programs/MiKTeX/fonts/type1/public/lm/lmmi6.pfb
><C:/Users/Owner/AppData/Local/Programs/MiKTeX/fonts/type1/public/lm/lmmi7.pfb>
<C:/Users/Owner/AppData/Local/Programs/MiKTeX/fonts/type1/public/lm/lmmi8.pfb><
C:/Users/Owner/AppData/Local/Programs/MiKTeX/fonts/type1/public/lm/lmmib10.pfb>
<C:/Users/Owner/AppData/Local/Programs/MiKTeX/fonts/type1/public/lm/lmr10.pfb><
C:/Users/Owner/AppData/Local/Programs/MiKTeX/fonts/type1/public/lm/lmr12.pfb><C
:/Users/Owner/AppData/Local/Programs/MiKTeX/fonts/type1/public/lm/lmr6.pfb><C:/
Users/Owner/AppData/Local/Programs/MiKTeX/fonts/type1/public/lm/lmr7.pfb><C:/Us
ers/Owner/AppData/Local/Programs/MiKTeX/fonts/type1/public/lm/lmr8.pfb><C:/User
s/Owner/AppData/Local/Programs/MiKTeX/fonts/type1/public/lm/lmri10.pfb><C:/User
s/Owner/AppData/Local/Programs/MiKTeX/fonts/type1/public/lm/lmsy10.pfb><C:/User
s/Owner/AppData/Local/Programs/MiKTeX/fonts/type1/public/lm/lmsy7.pfb><C:/Users
/Owner/AppData/Local/Programs/MiKTeX/fonts/type1/public/lm/lmsy8.pfb><C:/Users/
Owner/AppData/Local/Programs/MiKTeX/fonts/type1/public/lm/lmtk10.pfb><C:/Users/
Owner/AppData/Local/Programs/MiKTeX/fonts/type1/public/lm/lmtt10.pfb><C:/Users/
Owner/AppData/Local/Programs/MiKTeX/fonts/type1/public/lm/lmtti10.pfb>
Output written on "DisloCluster Code History.pdf" (32 pages, 620451 bytes).
PDF statistics:
 568 PDF objects out of 1000 (max. 8388607)
 133 named destinations out of 1000 (max. 500000)
 161 words of extra memory for PDF output out of 10000 (max. 10000000)

